[www.bakecaincontrii.com/index.html]
[backblue.gif]
[fade.gif]
[index.html]
[www.bakecaincontrii.com/static/css/app.5e960ca542841f4fbae5.css]
[www.bakecaincontrii.com/static/js/bundle.c168b350b58039af3dc1.js]
[www.bakecaincontrii.com/cdn-cgi/l/email-protection.html]
[www.bakecaincontrii.com/cdn-cgi/scripts/5c5dd728/cloudflare-static/email-decode.min.js]
[www.bakecaincontrii.com/index.html]
[www.bakecaincontrii.com/static/assets/img-alert.242921094e6c3500c413.png]
[www.bakecaincontrii.com/static/assets/Lightbox_Black_week.c2aff9c138d08188304e.jpg]
[www.bakecaincontrii.com/static/assets/womenseekmen_repr.8d23a468333e7ffa3aae.jpg]
[www.bakecaincontrii.com/static/assets/black-week.06f4ab026a50312b4ca5.svg]
[www.bakecaincontrii.com/static/assets/trans_repr.ea8e11496a1b3a9cc8c3.jpg]
[www.bakecaincontrii.com/static/assets/clubs_repr.10eac2029b22bcea3c25.jpg]
[www.bakecaincontrii.com/static/assets/massages_repr.ba2b48e88a14ba0d3e23.jpg]
[www.bakecaincontrii.com/static/assets/menseekwomen_repr.201a335e07c220439d9c.jpg]
[www.bakecaincontrii.com/static/assets/womenseekwomen_repr.af59f6f0cd4885d4f377.jpg]
[www.bakecaincontrii.com/static/assets/couples_repr.3eb66f491b6f33c2ebe2.jpg]
[www.bakecaincontrii.com/static/assets/seekmeetings_repr.e65262cd2ef576198cf9.jpg]
[www.bakecaincontrii.com/static/assets/menseekmen_repr.f8c937347437da0620d8.jpg]
[www.bakecaincontrii.com/static/assets/img_productpage.cb1a48018e0722eade69.png]
[www.bakecaincontrii.com/static/assets/top_prod_page.50c586d016c88591c316.png]
[www.bakecaincontrii.com/static/assets/premium_prod_page.2aa34ac746fabf5fb8e4.png]
[www.bakecaincontrii.com/static/assets/img_Supertop_IT.41e9b9690280610f4dcb.gif]
[www.bakecaincontrii.com/static/assets/img_Supertop_ES.886b79e646f82e8dbd4a.gif]
[www.bakecaincontrii.com/static/assets/img_Supertop_PT.53f8bf1c4da4f4c6f1a6.gif]
[www.bakecaincontrii.com/static/assets/img_Supertop_FR.adf2fc7450216db4d095.gif]
[www.bakecaincontrii.com/static/assets/img_Supertop_EN.08338732c7c743dc613f.gif]
[www.bakecaincontrii.com/static/assets/img_Supertop_DE.0de74ea924457c8ae952.gif]
[www.bakecaincontrii.com/static/assets/img_Supertop_NL.0943e27ae8403a7c5e2b.gif]
[www.bakecaincontrii.com/static/assets/404.95a0a653aee7f83bbed7.png]
[www.bakecaincontrii.com/static/assets/credits_easy.c010bdcfe6f894089fad.png]
[www.bakecaincontrii.com/static/assets/credits_world.de529cf85f2f31baa0d9.png]
[www.bakecaincontrii.com/static/assets/credits_fast.ed2e2a00aff28ab38e89.png]
[www.bakecaincontrii.com/static/assets/moip_cards.4d2fe9802191285001d2.png]
[www.bakecaincontrii.com/static/assets/moip_prod.1fc2e39ab14a572deb0c.png]
[www.bakecaincontrii.com/static/assets/boleto_prod.c8bf92e29e175c5d929a.png]
[www.bakecaincontrii.com/static/assets/bank_transfer.590bd6f6e518268ec5fd.png]
[www.bakecaincontrii.com/static/assets/paysite-cash_prod.ac9866dc84acb83acafb.png]
[www.bakecaincontrii.com/static/assets/paygol_prod.1d03a065c3e6f7016a4e.png]
[www.bakecaincontrii.com/static/assets/dimoco_prod.0837ef936a47a51b0b2a.png]
[www.bakecaincontrii.com/static/assets/logo_paysafecard.4cc4871978f049d6408e.png]
[www.bakecaincontrii.com/static/assets/logo_paysafecard_pago_efectivo.e4618842fcf7fd928f07.png]
[www.bakecaincontrii.com/static/assets/skrill.c46b384c36807c6ae3a1.png]
[www.bakecaincontrii.com/static/assets/logo-payora.2b1ff5f531d725d467a9.png]
[www.bakecaincontrii.com/static/assets/logo_coingate.b914627ecda69f15035e.png]
[www.bakecaincontrii.com/static/assets/boleto.2d3fb93d66a031147b88.png]
[www.bakecaincontrii.com/static/assets/toditocash_logo.24fe6555f96d5389fa2b.png]
[www.bakecaincontrii.com/static/assets/crediti.e0aa4f881829cdc9358e.png]
[www.bakecaincontrii.com/static/assets/step03.ac8b8240a28bf600c0fb.png]
[www.bakecaincontrii.com/static/assets/step02.ab3865711ca4da98b992.png]
[www.bakecaincontrii.com/static/assets/step01.693b9377c1b913cb6ee0.png]
[www.bakecaincontrii.com/static/assets/mypaysafecard.eb9f020171ac93d48909.png]
[www.bakecaincontrii.com/static/assets/logo_bakecaincontrii.aa156677530546ada389.png]
[www.bakecaincontrii.com/static/css/app.5e960ca542841f4fbae5.css]
[www.bakecaincontrii.com/cdn-cgi/l/email-protection.html]
[www.bakecaincontrii.com/country=IT; Domain=.bakecaincontrii.com; Path=/index.html]
[www.bakecaincontrii.com/language=it-it; Domain=.bakecaincontrii.com; Path=/index.html]
[www.bakecaincontrii.com/static/assets/black-week.06f4ab026a50312b4ca5.svg]
