10-12 16:14:09.748  5332  5343 D ConnectivityService: filterNetworkStateForUid() uid: 10095 networkInfo: [type: WIFI[] - WIFI, state: CONNECTED/CONNECTED, reason: (unspecified), extra: "fiveguys", failover: false, available: true, roaming: false, metered: false]
10-12 16:14:09.752 18500 18500 D ConnectivityManager: requestNetwork; CallingUid : 10095, CallingPid : 18500
10-12 16:14:09.753  5332  5343 D ConnectivityService: listenForNetwork for uid/pid:10095/18500 NetworkRequest [ LISTEN id=7433, [ Capabilities: INTERNET&NOT_RESTRICTED&TRUSTED&FOREGROUND] ]
10-12 16:14:09.754  5332  5500 D ConnectivityService: rematching NetworkAgentInfo [WIFI () - 527]
10-12 16:14:09.754  5332  5500 D ConnectivityService:  network has: [ Transports: WIFI Capabilities: NOT_METERED&INTERNET&NOT_RESTRICTED&TRUSTED&NOT_VPN&VALIDATED&FOREGROUND LinkUpBandwidth>=1048576Kbps LinkDnBandwidth>=1048576Kbps SignalStrength: -24]
10-12 16:14:09.754  5332  5500 D ConnectivityService: Network NetworkAgentInfo [WIFI () - 527] was already satisfying request 1. No change.
10-12 16:14:09.754  5332  5500 D ConnectivityService: Network NetworkAgentInfo [WIFI () - 527] was already satisfying request 7431. No change.
10-12 16:14:09.754  5332  5500 D ConnectivityService: Network NetworkAgentInfo [WIFI () - 527] was already satisfying request 7370. No change.
10-12 16:14:09.754  5332  5500 D ConnectivityService: Network NetworkAgentInfo [WIFI () - 527] was already satisfying request 7392. No change.
10-12 16:14:09.754  5332  5500 D ConnectivityService: Network NetworkAgentInfo [WIFI () - 527] was already satisfying request 7407. No change.
10-12 16:14:09.754  5332  5500 D ConnectivityService: Network NetworkAgentInfo [WIFI () - 527] was already satisfying request 7413. No change.
10-12 16:14:09.754  5332  5500 D ConnectivityService: Network NetworkAgentInfo [WIFI () - 527] was already satisfying request 7393. No change.
10-12 16:14:09.754  5332  5500 D ConnectivityService: Network NetworkAgentInfo [WIFI () - 527] was already satisfying request 7415. No change.
10-12 16:14:09.754  5332  5500 D ConnectivityService: Network NetworkAgentInfo [WIFI () - 527] was already satisfying request 7395. No change.
10-12 16:14:09.754  5332  5500 D ConnectivityService: Network NetworkAgentInfo [WIFI () - 527] was already satisfying request 3. No change.
10-12 16:14:09.755  5332  5500 D ConnectivityService: sending notification AVAILABLE for NetworkRequest [ LISTEN id=7433, [ Capabilities: INTERNET&NOT_RESTRICTED&TRUSTED&FOREGROUND] ]
10-12 16:14:09.755  5332  5500 D ConnectivityService: sending notification CAP_CHANGED for NetworkRequest [ LISTEN id=7433, [ Capabilities: INTERNET&NOT_RESTRICTED&TRUSTED&FOREGROUND] ]
10-12 16:14:09.755  5332  5500 D ConnectivityService: sending notification IP_CHANGED for NetworkRequest [ LISTEN id=7433, [ Capabilities: INTERNET&NOT_RESTRICTED&TRUSTED&FOREGROUND] ]
10-12 16:14:09.756  5332  5343 D ConnectivityService: filterNetworkStateForUid() uid: 10095 networkInfo: [type: WIFI[] - WIFI, state: CONNECTED/CONNECTED, reason: (unspecified), extra: "fiveguys", failover: false, available: true, roaming: false, metered: false]
10-12 16:14:09.766  5332  5713 D SecContentProvider: query(), uri = 2 selection = isAuditLogEnabled
10-12 16:14:09.766  5332  5713 D SecContentProvider: called from com.android.chrome
10-12 16:14:09.767  5332  8745 D SecContentProvider: query(), uri = 5 selection = getAutoFillSetting
10-12 16:14:09.768  5332  8745 D SecContentProvider: called from com.android.chrome
10-12 16:14:09.769  5332  8745 D SecContentProvider: query(), uri = 5 selection = getCookiesSetting
10-12 16:14:09.769  5332  8745 D SecContentProvider: called from com.android.chrome
10-12 16:14:09.771  5332  5713 D SecContentProvider: query(), uri = 5 selection = getHttpProxy
10-12 16:14:09.771  5332  5713 D SecContentProvider: called from com.android.chrome
10-12 16:14:09.773  5332  5713 D SecContentProvider: query(), uri = 5 selection = getJavaScriptSetting
10-12 16:14:09.773  5332  5713 I chatty  : uid=1000(system) Binder:5332_5 identical 1 line
10-12 16:14:09.774  5332  5713 D SecContentProvider: query(), uri = 5 selection = getPopupsSetting
10-12 16:14:09.775  5332  5713 D SecContentProvider: called from com.android.chrome
10-12 16:14:09.777  5332  8745 D SecContentProvider: query(), uri = 22 selection = isAuthenticationEnabled
10-12 16:14:09.779 18500 18500 I cr_CompositorSurfaceMgr: Transitioning to surface with format: -1
10-12 16:14:09.779  5332  8745 D SecContentProvider: called from com.android.chrome
10-12 16:14:09.780  3445  3445 I SurfaceFlinger: id=12173 createSurf (720x1238),4 flag=404, SurfaceView - com.android.chrome/com.google.android.apps.chrome.Main@dc6295e@0#0
10-12 16:14:09.781  3445  3445 I SurfaceFlinger: id=12174 createSurf (720x1238),-1 flag=20404, Background for - SurfaceView - com.android.chrome/com.google.android.apps.chrome.Main@dc6295e@0#0
10-12 16:14:09.782 18500 18500 D SurfaceView: BG show() Surface(name=Background for - SurfaceView - com.android.chrome/com.google.android.apps.chrome.Main@dc6295e@0) android.view.SurfaceView{dc6295e V.E...... ......ID 0,0-720,1238}
10-12 16:14:09.782 18500 18500 V Surface : sf_framedrop debug : 0x4f4c, game : false, logging : 0
10-12 16:14:09.783 18500 18500 D SurfaceView: surfaceCreated 1 android.view.SurfaceView{dc6295e V.E...... ......ID 0,0-720,1238}
10-12 16:14:09.783 18500 18500 I cr_CompositorSurfaceMgr: surfaceCreated format: 0
10-12 16:14:09.783 18500 18500 D SurfaceView: surfaceChanged (720,1238) 1 android.view.SurfaceView{dc6295e V.E...... ......ID 0,0-720,1238}
10-12 16:14:09.785  5332  8745 D SecContentProvider: query(), uri = 10 selection = getURLFilterList
10-12 16:14:09.786 18581 18602 I cr_LibraryLoader: Successfully loaded native library
10-12 16:14:09.787 18581 18602 I cr_CachingUmaRecorder: Flushed 3 samples from 3 histograms.
10-12 16:14:09.787  5332  8745 D SecContentProvider: query(), uri = 10 selection = getURLFilterEnabled
10-12 16:14:09.789  5332  8745 D SecContentProvider: query(), uri = 10 selection = getURLFilterReportEnabled
10-12 16:14:09.791  5332  8745 D SecContentProvider: query(), uri = 2 selection = isAuditLogEnabled
10-12 16:14:09.793  5332  8745 D SecContentProvider: query(), uri = 5 selection = getAutoFillSetting
10-12 16:14:09.795  5332  8745 D SecContentProvider: query(), uri = 5 selection = getCookiesSetting
10-12 16:14:09.797  5332  8745 D SecContentProvider: query(), uri = 5 selection = getHttpProxy
10-12 16:14:09.798  5332  8745 I chatty  : uid=1000(system) Binder:5332_15 identical 7 lines
10-12 16:14:09.799  5332  8745 D SecContentProvider: query(), uri = 5 selection = getJavaScriptSetting
10-12 16:14:09.800  5332  8745 D SecContentProvider: called from com.android.chrome
10-12 16:14:09.801 18500 18500 I cr_ChromeTabbedActivity: #initializeState
10-12 16:14:09.801 18500 18500 I cr_CipherFactory: #restoreFromBundle, no savedInstanceState.
10-12 16:14:09.801 18500 18500 I cr_tabmodel: #loadState, ignoreIncognitoFiles? true
10-12 16:14:09.801  5332  5713 D SecContentProvider: query(), uri = 5 selection = getPopupsSetting
10-12 16:14:09.801 18500 18500 I cr_tabmodel: Tab metadata, skipIncognitoCount? false incognitoCount: 0 totalCount: 3
10-12 16:14:09.802  5332  5713 D SecContentProvider: called from com.android.chrome
10-12 16:14:09.802 18500 18500 I cr_tabmodel: #isIncognitoTabBeingRestored from tabState:  false
10-12 16:14:09.803  5332  8745 D SecContentProvider: query(), uri = 22 selection = isAuthenticationEnabled
10-12 16:14:09.804  5332  8745 D SecContentProvider: called from com.android.chrome
10-12 16:14:09.808  5332  8745 D SecContentProvider: query(), uri = 10 selection = getURLFilterList
10-12 16:14:09.808  5332  8745 D SecContentProvider: called from com.android.chrome
10-12 16:14:09.810  5332  5713 D SecContentProvider: query(), uri = 10 selection = getURLFilterEnabled
10-12 16:14:09.810  5332  5713 D SecContentProvider: called from com.android.chrome
10-12 16:14:09.812  5332  5343 D SecContentProvider: query(), uri = 10 selection = getURLFilterReportEnabled
10-12 16:14:09.812  5332  5343 D SecContentProvider: called from com.android.chrome
10-12 16:14:09.824 18500 18500 E ResourceType: Style contains key with bad entry: 0x0101062c
10-12 16:14:09.841  5332  5713 D ConnectivityService: filterNetworkStateForUid() uid: 10095 networkInfo: [type: WIFI[] - WIFI, state: CONNECTED/CONNECTED, reason: (unspecified), extra: "fiveguys", failover: false, available: true, roaming: false, metered: false]
10-12 16:14:09.857 18581 18602 D libGLESv2: STS_GLApi : DTS, ODTC are not allowed for Package : com.android.chrome:privileged_process0
10-12 16:14:09.898 18536 18597 I cr_LibraryLoader: Successfully loaded native library
10-12 16:14:09.900 18536 18597 I cr_CachingUmaRecorder: Flushed 3 samples from 3 histograms.
10-12 16:14:09.928 18581 18602 V Surface : sf_framedrop debug : 0x4f4c, game : false, logging : 0
10-12 16:14:09.930 18581 18602 D mali_winsys: EGLint new_window_surface(egl_winsys_display *, void *, EGLSurface, EGLConfig, egl_winsys_surface **, egl_color_buffer_format *, EGLBoolean) returns 0x3000,  [720x1238]-format:1
10-12 16:14:09.942 28630 28641 I FontLog : Received query name=Google Sans&weight=700&besteffort=false, URI content://com.google.android.gms.fonts [CONTEXT service_id=132 ]
10-12 16:14:09.943 28630 28641 I FontLog : Query [name=Google Sans&weight=700&besteffort=false] resolved to {Google Sans, wdth 100.0, wght 700, ital 0.0, bestEffort false} [CONTEXT service_id=132 ]
10-12 16:14:09.945 28630 28641 I FontLog : Fetch {Google Sans, wdth 100.0, wght 700, ital 0.0, bestEffort false} end status Status{statusCode=SUCCESS, resolution=null} [CONTEXT service_id=132 ]
10-12 16:14:09.951 28630 28641 I FontLog : Pulling font file for id = 6669, cache size = 21 [CONTEXT service_id=132 ]
10-12 16:14:09.960 28630 28641 I FontLog : Received query name=Noto Color Emoji Compat&weight=400&besteffort=false, URI content://com.google.android.gms.fonts [CONTEXT service_id=132 ]
10-12 16:14:09.960 28630 28641 I FontLog : Query [name=Noto Color Emoji Compat&weight=400&besteffort=false] resolved to {Noto Color Emoji Compat, wdth 100.0, wght 400, ital 0.0, bestEffort false} [CONTEXT service_id=132 ]
10-12 16:14:09.963 28630 28641 I FontLog : Fetch {Noto Color Emoji Compat, wdth 100.0, wght 400, ital 0.0, bestEffort false} end status Status{statusCode=SUCCESS, resolution=null} [CONTEXT service_id=132 ]
10-12 16:14:09.973 28630 28641 I FontLog : Pulling font file for id = 6670, cache size = 19 [CONTEXT service_id=132 ]
10-12 16:14:09.980 28630 28641 I FontLog : Received query name=Google Sans&weight=400&besteffort=false, URI content://com.google.android.gms.fonts [CONTEXT service_id=132 ]
10-12 16:14:09.981 28630 28641 I FontLog : Query [name=Google Sans&weight=400&besteffort=false] resolved to {Google Sans, wdth 100.0, wght 400, ital 0.0, bestEffort false} [CONTEXT service_id=132 ]
10-12 16:14:09.984 28630 28641 I FontLog : Font PFD returned from cache for {Google Sans, wdth 100.0, wght 400, ital 0.0, bestEffort false} [CONTEXT service_id=132 ]
10-12 16:14:09.985 28630 28641 I FontLog : Fetch {Google Sans, wdth 100.0, wght 400, ital 0.0, bestEffort false} end status Status{statusCode=SUCCESS, resolution=null} [CONTEXT service_id=132 ]
10-12 16:14:09.987  5332  5341 I zygote64: Background concurrent copying GC freed 149128(7MB) AllocSpace objects, 82(2MB) LOS objects, 34% free, 45MB/69MB, paused 552us total 210.082ms
10-12 16:14:09.989 28630 28641 I FontLog : Pulling font file for id = 6671, cache size = 20 [CONTEXT service_id=132 ]
10-12 16:14:09.994 28630 28641 I FontLog : Received query name=Google Sans&weight=500&besteffort=false, URI content://com.google.android.gms.fonts [CONTEXT service_id=132 ]
10-12 16:14:09.995 28630 28641 I FontLog : Query [name=Google Sans&weight=500&besteffort=false] resolved to {Google Sans, wdth 100.0, wght 500, ital 0.0, bestEffort false} [CONTEXT service_id=132 ]
10-12 16:14:09.996 28630 28641 I FontLog : Font PFD returned from cache for {Google Sans, wdth 100.0, wght 500, ital 0.0, bestEffort false} [CONTEXT service_id=132 ]
10-12 16:14:09.997 28630 28641 I FontLog : Fetch {Google Sans, wdth 100.0, wght 500, ital 0.0, bestEffort false} end status Status{statusCode=SUCCESS, resolution=null} [CONTEXT service_id=132 ]
10-12 16:14:09.998 18500 18500 W ResourceType: Failure getting entry for 0x7f010216 (t=0 e=534) (error -75)
10-12 16:14:10.001 18500 18500 W ResourceType: Failure getting entry for 0x7f0107c9 (t=0 e=1993) (error -75)
10-12 16:14:10.001 28630 28641 I FontLog : Pulling font file for id = 6672, cache size = 21 [CONTEXT service_id=132 ]
10-12 16:14:10.023 18500 18500 W ResourceType: Failure getting entry for 0x7f010827 (t=0 e=2087) (error -75)
10-12 16:14:10.033 18500 18500 I cr_OfflineIndicator: onConnectionTypeChanged 2
10-12 16:14:10.033 18500 18500 I cr_OfflineIndicator: Reported by system: [ Transports: WIFI Capabilities: WIFI_P2P&NOT_RESTRICTED&TRUSTED&NOT_VPN LinkUpBandwidth>=1048576Kbps LinkDnBandwidth>=1048576Kbps]
10-12 16:14:10.034 18500 18500 I cr_OfflineIndicator: Reported by system: [ Transports: WIFI Capabilities: NOT_METERED&INTERNET&NOT_RESTRICTED&TRUSTED&NOT_VPN&VALIDATED&FOREGROUND LinkUpBandwidth>=1048576Kbps LinkDnBandwidth>=1048576Kbps SignalStrength: -24]
10-12 16:14:10.034 18500 18500 I cr_OfflineIndicator: setConnectionState connectionState=4
10-12 16:14:10.034 18500 18500 I cr_OfflineDetector: Running updateState mConnectivityDetectorInitialized: true, mTimeWhenLastForegrounded: 1745799572, getElapsedTime: 1745799573, mTimeWhenLastOfflineNotificationReceived: 0, mTimeWhenLastOnline: 1745799573, mApplicationState: 1, mIsOfflineLastReportedByConnectivityDetector: false, mIsEffectivelyOffline: false
10-12 16:14:10.034 18500 18500 I cr_OfflineDetector: updateState(): timeSinceLastForeground: 1, timeSinceOfflineNotificationReceived: 1745799573, timeSinceLastOnline: 0, timeNeededForForeground: 1999, timeNeededForOffline: -1745797573
10-12 16:14:10.034 18500 18500 I cr_OfflineIndicator: processConnectivityCheckResult mConnectionState=4 mConnectivityCheckingStage=1
10-12 16:14:10.070 18500 18500 W ResourceType: Failure getting entry for 0x7f010415 (t=0 e=1045) (error -75)
10-12 16:14:10.103 18500 18500 V InputMethodManager: Starting input: tba=android.view.inputmethod.EditorInfo@ef8f1a8 nm : com.android.chrome ic=null
10-12 16:14:10.103 18500 18500 I InputMethodManager: startInputInner - mService.startInputOrWindowGainedFocus
10-12 16:14:10.104  5332  8745 D InputMethodManagerService: startInputOrWindowGainedFocus : startInput 
10-12 16:14:10.105  5332  8745 D InputMethodManagerService: setCurrentInputInfo - inputContext : null eidtorInfo : android.view.inputmethod.EditorInfo@a46f2b9 missingMethods : 0
10-12 16:14:10.105  5657  5657 I InputMethodWrapper:  call dispatchStartInputWithToken
10-12 16:14:10.106  5657  5657 I InputMethodService: dispatchStartInputWithToken
10-12 16:14:10.106  5657  5657 I SKBD    : SamsungKeypad [IMI] onStartInput - caller pid : 18500, caller uid : 10095
10-12 16:14:10.106  5657  5657 I SKBD    : SamsungKeypad  CACHEDIC onStartInput  isCachedICEnabled:  false
10-12 16:14:10.106  5657  5657 I SKBD    : atl getDefaultInputRange : UNKNOWN
10-12 16:14:10.106  5657  5657 I SKBD    : awo resetBinderManager()
10-12 16:14:10.106  5657  5657 I SKBD_SYNC: SamsungKeypad onStartInput: import DLM
10-12 16:14:10.106  5657  5657 I SKBD    : atl setPrivateImeOptionsToTable privateImeOptions ( null )
10-12 16:14:10.106  5657  5657 I SKBD    : atl imeOptions is null
10-12 16:14:10.107  5657  5657 I SKBD    : SamsungKeypad [PF_OP][onStartInput] 791000
10-12 16:14:10.111 18536 18597 I tflite  : Initialized TensorFlow Lite runtime.
10-12 16:14:10.126  5332  5332 D CustomFrequencyManagerService: releaseDVFSLockLocked : Getting Lock type frm List : DVFS_MIN_LIMIT  frequency : 1560000  uid : 1000  pid : 5332  tag : AMS_RESUME_TAIL@CPU_MIN@20
10-12 16:14:10.134  5332  5343 D ConnectivityService: filterNetworkStateForUid() uid: 10095 networkInfo: [type: WIFI[] - WIFI, state: CONNECTED/CONNECTED, reason: (unspecified), extra: "fiveguys", failover: false, available: true, roaming: false, metered: false]
10-12 16:14:10.142 18500 18638 D ConnectivityManager: requestNetwork; CallingUid : 10095, CallingPid : 18500
10-12 16:14:10.143  5332  8745 D ConnectivityService: listenForNetwork for uid/pid:10095/18500 NetworkRequest [ LISTEN id=7434, [ Capabilities: INTERNET&NOT_RESTRICTED&TRUSTED&FOREGROUND] ]
10-12 16:14:10.144  5332  5500 D ConnectivityService: rematching NetworkAgentInfo [WIFI () - 527]
10-12 16:14:10.144  5332  5500 D ConnectivityService:  network has: [ Transports: WIFI Capabilities: NOT_METERED&INTERNET&NOT_RESTRICTED&TRUSTED&NOT_VPN&VALIDATED&FOREGROUND LinkUpBandwidth>=1048576Kbps LinkDnBandwidth>=1048576Kbps SignalStrength: -24]
10-12 16:14:10.144  5332  5500 D ConnectivityService: Network NetworkAgentInfo [WIFI () - 527] was already satisfying request 1. No change.
10-12 16:14:10.144  5332  5500 D ConnectivityService: Network NetworkAgentInfo [WIFI () - 527] was already satisfying request 7431. No change.
10-12 16:14:10.144  5332  5500 D ConnectivityService: Network NetworkAgentInfo [WIFI () - 527] was already satisfying request 7370. No change.
10-12 16:14:10.144  5332  5500 D ConnectivityService: Network NetworkAgentInfo [WIFI () - 527] was already satisfying request 7392. No change.
10-12 16:14:10.144  5332  5500 D ConnectivityService: Network NetworkAgentInfo [WIFI () - 527] was already satisfying request 7407. No change.
10-12 16:14:10.144  5332  5500 D ConnectivityService: Network NetworkAgentInfo [WIFI () - 527] was already satisfying request 7413. No change.
10-12 16:14:10.144  5332  5500 D ConnectivityService: Network NetworkAgentInfo [WIFI () - 527] was already satisfying request 7393. No change.
10-12 16:14:10.144  5332  5500 D ConnectivityService: Network NetworkAgentInfo [WIFI () - 527] was already satisfying request 7415. No change.
10-12 16:14:10.144  5332  5500 D ConnectivityService: Network NetworkAgentInfo [WIFI () - 527] was already satisfying request 7395. No change.
10-12 16:14:10.144  5332  5500 D ConnectivityService: Network NetworkAgentInfo [WIFI () - 527] was already satisfying request 3. No change.
10-12 16:14:10.145  5332  5500 D ConnectivityService: sending notification AVAILABLE for NetworkRequest [ LISTEN id=7434, [ Capabilities: INTERNET&NOT_RESTRICTED&TRUSTED&FOREGROUND] ]
10-12 16:14:10.145  5332  8745 D ConnectivityService: filterNetworkStateForUid() uid: 10095 networkInfo: [type: WIFI[] - WIFI, state: CONNECTED/CONNECTED, reason: (unspecified), extra: "fiveguys", failover: false, available: true, roaming: false, metered: false]
10-12 16:14:10.145  5332  5500 D ConnectivityService: sending notification CAP_CHANGED for NetworkRequest [ LISTEN id=7434, [ Capabilities: INTERNET&NOT_RESTRICTED&TRUSTED&FOREGROUND] ]
10-12 16:14:10.145  5332  5500 D ConnectivityService: sending notification IP_CHANGED for NetworkRequest [ LISTEN id=7434, [ Capabilities: INTERNET&NOT_RESTRICTED&TRUSTED&FOREGROUND] ]
10-12 16:14:10.147  5332  8745 D ConnectivityService: filterNetworkStateForUid() uid: 10095 networkInfo: [type: WIFI[] - WIFI, state: CONNECTED/CONNECTED, reason: (unspecified), extra: "fiveguys", failover: false, available: true, roaming: false, metered: false]
10-12 16:14:10.169  5332  8745 I chatty  : uid=1000(system) Binder:5332_15 identical 2 lines
10-12 16:14:10.171  5332  8745 D ConnectivityService: filterNetworkStateForUid() uid: 10095 networkInfo: [type: WIFI[] - WIFI, state: CONNECTED/CONNECTED, reason: (unspecified), extra: "fiveguys", failover: false, available: true, roaming: false, metered: false]
10-12 16:14:10.182  5332 13776 D ConnectivityService: filterNetworkStateForUid() uid: 10095 networkInfo: [type: WIFI[] - WIFI, state: CONNECTED/CONNECTED, reason: (unspecified), extra: "fiveguys", failover: false, available: true, roaming: false, metered: false]
10-12 16:14:10.188 18500 18500 W ResourceType: Failure getting entry for 0x7f0100f9 (t=0 e=249) (error -75)
10-12 16:14:10.190 18500 18500 W ResourceType: Failure getting entry for 0x7f010828 (t=0 e=2088) (error -75)
10-12 16:14:10.197 18500 18500 W ResourceType: Failure getting entry for 0x7f010827 (t=0 e=2087) (error -75)
10-12 16:14:10.223 18500 18500 I Choreographer: Skipped 43 frames!  The application may be doing too much work on its main thread.
10-12 16:14:10.228  5332  5713 V WindowManager: Relayout Window{e67ff51 u0 com.android.chrome/com.google.android.apps.chrome.Main}: viewVisibility=0 req=720x1280 WM.LayoutParams{(0,0)(fillxfill) sim=#13 ty=1 fl=#81810100 pfl=0x20000 fmt=-3 wanim=0x10302fd vsysui=0x2600 sysuil=true needsMenuKey=2 colorMode=0 naviIconColor=0}
10-12 16:14:10.233 18500 18500 D ViewRootImpl@5953633[Main]: Relayout returned: old=[0,0][720,1280] new=[0,0][720,1280] result=0x1 surface={valid=true 3697354752} changed=false
10-12 16:14:10.241  3445  3445 I SurfaceFlinger: Display 0 HWC layers:
10-12 16:14:10.241  3445  3445 I SurfaceFlinger:     type    |    handle    | flag |  format   |   source crop (l,t,r,b)    |         frame       | name 
10-12 16:14:10.241  3445  3445 I SurfaceFlinger: ------------+--------------+------+-----------+----------------------------+---------------------+------
10-12 16:14:10.241  3445  3445 I SurfaceFlinger:      Client | 0x739fc24840 | 0002 | RGBA_8888 |   0.0    0.0  720.0 1238.0 |    0   42  720 1280 | SurfaceView - com.android.chrome/com[...]android.apps.chrome.Main@dc6295e@0#0
10-12 16:14:10.241  3445  3445 I SurfaceFlinger:      Client | 0x739fc252c0 | 0000 | RGBA_8888 |   0.0    0.0  720.0 1280.0 |    0    0  720 1280 | com.android.chrome/com.google.android.apps.chrome.Main#0
10-12 16:14:10.241  3445  3445 I SurfaceFlinger:      Client | 0x7399968200 | 0000 | RGBA_8888 |   0.0    0.0  720.0   42.0 |    0    0  720   42 | StatusBar#0
10-12 16:14:10.241  3445  3445 I SurfaceFlinger:      Client | 0x739fc25f80 | 0000 | RGBA_8888 |   0.0    0.0  720.0 1280.0 |    0    0  720 1280 | PointerLocation#0
10-12 16:14:10.241  3445  3445 I SurfaceFlinger: 
10-12 16:14:10.243  5332  5713 D ConnectivityService: filterNetworkStateForUid() uid: 10095 networkInfo: [type: WIFI[] - WIFI, state: CONNECTED/CONNECTED, reason: (unspecified), extra: "fiveguys", failover: false, available: true, roaming: false, metered: false]
10-12 16:14:10.246  5332  5713 I chatty  : uid=1000(system) Binder:5332_5 identical 2 lines
10-12 16:14:10.247  5332  5713 D ConnectivityService: filterNetworkStateForUid() uid: 10095 networkInfo: [type: WIFI[] - WIFI, state: CONNECTED/CONNECTED, reason: (unspecified), extra: "fiveguys", failover: false, available: true, roaming: false, metered: false]
10-12 16:14:10.250  5332  8745 D ConnectivityService: filterNetworkStateForUid() uid: 10095 networkInfo: [type: WIFI[] - WIFI, state: CONNECTED/CONNECTED, reason: (unspecified), extra: "fiveguys", failover: false, available: true, roaming: false, metered: false]
10-12 16:14:10.251  5332  8745 D ConnectivityService: filterNetworkStateForUid() uid: 10095 networkInfo: [type: WIFI[] - WIFI, state: CONNECTED/CONNECTED, reason: (unspecified), extra: "fiveguys", failover: false, available: true, roaming: false, metered: false]
10-12 16:14:10.253 18500 18500 I cr_tabmodel: #isIncognitoTabBeingRestored from tabState:  false
10-12 16:14:10.253 18500 18500 I cr_tabmodel: #isIncognitoTabBeingRestored from tabState:  false
10-12 16:14:10.262 18500 18577 D NetworkSecurityConfig: Using Network Security Config from resource 0_resource_name_obfuscated debugBuild: false
10-12 16:14:10.285 18500 18500 I cr_tabmodel: #isIncognitoTabBeingRestored from tabState:  false
10-12 16:14:10.285 18500 18500 I cr_tabmodel: #isIncognitoTabBeingRestored from tabState:  false
10-12 16:14:10.305 18500 18500 I cr_tabmodel: Loaded tab lists; counts: 3,0
10-12 16:14:10.336 19118 19118 D StageManager: does not restore remain-stages in stack : 5
10-12 16:14:10.336 19118 19118 D StageManager: saved stages : inStack [1] , outStack[2]
10-12 16:14:10.440  8859  8905 D ScanRecord: Not a Multi Manu data
10-12 16:14:10.488  5332  5456 D MdnieScenarioControlService:  packageName : com.android.chrome    className : com.google.android.apps.chrome.Main
10-12 16:14:10.892  8859  8905 I chatty  : uid=1002(bluetooth) BT Service Call identical 166 lines
10-12 16:14:10.892  8859  8905 D ScanRecord: Not a Multi Manu data
10-12 16:14:10.899 14976 14976 D BoundBrokerSvc: onBind: Intent { act=com.google.android.gms.common.BIND_SHARED_PREFS pkg=com.google.android.gms }
10-12 16:14:10.899 14976 14976 D BoundBrokerSvc: Loading bound service for intent: Intent { act=com.google.android.gms.common.BIND_SHARED_PREFS pkg=com.google.android.gms }
10-12 16:14:10.904  8859  8905 D ScanRecord: Not a Multi Manu data
10-12 16:14:10.904  8859  8905 I chatty  : uid=1002(bluetooth) BT Service Call identical 12 lines
10-12 16:14:10.904  8859  8905 D ScanRecord: Not a Multi Manu data
10-12 16:14:10.905 14976 14976 D BoundBrokerSvc: onUnbind: Intent { act=com.google.android.gms.common.BIND_SHARED_PREFS pkg=com.google.android.gms }
10-12 16:14:10.952  5332  5332 D PreBindingService: handleMessage : 1
10-12 16:14:11.028  6330  6330 D io_stats: !@ 179,0 r 4206536 141013228 w 3580051 80559824 d 319601 58205316 f 883667 906396 iot 3938204 3430227 th 51200 0 0 pt 0 inp 0 0 554867.652
10-12 16:14:11.649  3434  3434 I android.hardware.wifi@1.0-service: getLinkLayerStats
10-12 16:14:11.747 18500 18500 E cr_BTSPrefs: No data found for task id: 53
10-12 16:14:11.748 18500 18500 E cr_BkgrdTaskScheduler: Task cannot be canceled because no data was found instorage or data was invalid
10-12 16:14:11.896  5332  5343 D ConnectivityService: filterNetworkStateForUid() uid: 10095 networkInfo: [type: WIFI[] - WIFI, state: CONNECTED/CONNECTED, reason: (unspecified), extra: "fiveguys", failover: false, available: true, roaming: false, metered: false]
10-12 16:14:12.578 18500 18500 I cr_tabmodel: Appending tabs being restored to metadata lists, 0, startingNormalCount: 3, startingIncognitoCount: 0
10-12 16:14:12.579 18500 18500 I cr_tabmodel: Serializing tab lists; counts: 3, 0
10-12 16:14:12.613 14912 14912 I A       : (REDACTED) gmmUpdate NV: %b, IF: %b, CTC: %b, HIN %b, HFG %b
10-12 16:14:12.614 14912 14912 I A       : (REDACTED) gmmUpdate NV: %b, IF: %b, CTC: %b, HIN %b, HFG %b
10-12 16:14:12.618  5332  5349 D SemExecuteManagerService: onShortcutChanged: com.android.chrome0
10-12 16:14:12.619 19118 19131 D LauncherApps: onShortcutChanged 0,com.android.chrome
10-12 16:14:12.620 19118 19118 D DeepShortcutManager: bindDeepShortcutMap: {com.android.launcher3.util.ComponentKey@1e9a2cfa=[DynamicFullRecent], com.android.launcher3.util.ComponentKey@ed003502=[launcher_shortcut_search, launcher_shortcut_upload, launcher_shortcut_scan], com.android.launcher3.util.ComponentKey@92548096=[Search, Messages, Share, Notifications], com.android.launcher3.util.ComponentKey@9df2b1d6=[scanQrCode, newTab, newPrivateTab, search], com.android.launcher3.util.ComponentKey@489bf67c=[text_shortcut, voice_shortcut], com.android.launcher3.util.ComponentKey@ceeed86=[manifest_view_screenshots], com.android.launcher3.util.ComponentKey@86e56e2c=[open_new_tab, open_new_private_tab], com.android.launcher3.util.ComponentKey@3916b95c=[compose], com.android.launcher3.util.ComponentKey@950ad9e1=[new-tab-shortcut, dynamic-new-incognito-tab-shortcut], com.android.launcher3.util.ComponentKey@d85d54d0=[search_event_task, create_task, create_event], com.android.launcher3.util.ComponentKey@f5d080bf=[phonegroup, phoneadd], com.android.launcher3.util.ComponentKey@515cb72c=[VIEW_MY_DOWNLOADS], com.android.launcher3.util.ComponentKey@683678e7=[create_message], com.android.launcher3.util.ComponentKey@64033792=[explore-shortcut, search-shortcut, shorts-shortcut, subscriptions-shortcut], com.android.launcher3.util.ComponentKey@3a8c61b=[compose], com.android.launcher3.util.ComponentKey@bb83b336=[view-bookmarks-shortcut, new-tab-shortcut, search-web-shortcut, new-secret-tab-shortcut], com.android.launcher3.util.ComponentKey@91a61c5e=[contactadd, contactgroup], com.android.launcher3.util.ComponentKey@3e17fc4f=[updates], com.android.launcher3.util.ComponentKey@967f6ac6=[search_shortcut], com.android.launcher3.util.ComponentKey@6738ef04=[composer_error, quickChecks], com.android.launcher3.util.ComponentKey@afe2ea5f=[manifest_home, manifest_work], com.android.launcher3.util.ComponentKey@7bfa09e7=[manifest_compose_shortcut, greenlab.vu@gmail.com], com.android.launcher3.util.ComponentKey@947c4a03=[new-tab-shortcut, dynamic-new-incognito-tab-shortcut]}
10-12 16:14:12.636  5332  5343 W StorageManager: getStorageLowBytes lowPercent : 5, lowBytes : 1260145254, maxLowBytes : 524288000
10-12 16:14:12.643 18500 18535 I cr_BindingManager: Moderate binding enabled: maxSize=40
10-12 16:14:12.684  5332 13776 W AppOps  : Bad call: specified package com.google.android.gms under uid 10095 but it is really 10025
10-12 16:14:12.684  5332 13776 W AppOps  : java.lang.RuntimeException: here
10-12 16:14:12.684  5332 13776 W AppOps  : 	at com.android.server.AppOpsService.getOpsRawLocked(AppOpsService.java:1403)
10-12 16:14:12.684  5332 13776 W AppOps  : 	at com.android.server.AppOpsService.checkPackage(AppOpsService.java:1107)
10-12 16:14:12.684  5332 13776 W AppOps  : 	at com.android.internal.app.IAppOpsService$Stub.onTransact(IAppOpsService.java:169)
10-12 16:14:12.684  5332 13776 W AppOps  : 	at android.os.Binder.execTransact(Binder.java:682)
10-12 16:14:12.685  5332 13776 W AppOps  : Bad call: specified package com.google.android.gms under uid 10095 but it is really 10025
10-12 16:14:12.685  5332 13776 W AppOps  : java.lang.RuntimeException: here
10-12 16:14:12.685  5332 13776 W AppOps  : 	at com.android.server.AppOpsService.getOpsRawLocked(AppOpsService.java:1403)
10-12 16:14:12.685  5332 13776 W AppOps  : 	at com.android.server.AppOpsService.checkPackage(AppOpsService.java:1107)
10-12 16:14:12.685  5332 13776 W AppOps  : 	at com.android.internal.app.IAppOpsService$Stub.onTransact(IAppOpsService.java:169)
10-12 16:14:12.685  5332 13776 W AppOps  : 	at android.os.Binder.execTransact(Binder.java:682)
10-12 16:14:12.687  5332  8745 W AppOps  : Bad call: specified package com.google.android.gms under uid 10095 but it is really 10025
10-12 16:14:12.687  5332  8745 W AppOps  : java.lang.RuntimeException: here
10-12 16:14:12.687  5332  8745 W AppOps  : 	at com.android.server.AppOpsService.getOpsRawLocked(AppOpsService.java:1403)
10-12 16:14:12.687  5332  8745 W AppOps  : 	at com.android.server.AppOpsService.checkPackage(AppOpsService.java:1107)
10-12 16:14:12.687  5332  8745 W AppOps  : 	at com.android.internal.app.IAppOpsService$Stub.onTransact(IAppOpsService.java:169)
10-12 16:14:12.687  5332  8745 W AppOps  : 	at android.os.Binder.execTransact(Binder.java:682)
10-12 16:14:12.688  5332 13776 W AppOps  : Bad call: specified package com.google.android.gms under uid 10095 but it is really 10025
10-12 16:14:12.688  5332 13776 W AppOps  : java.lang.RuntimeException: here
10-12 16:14:12.688  5332 13776 W AppOps  : 	at com.android.server.AppOpsService.getOpsRawLocked(AppOpsService.java:1403)
10-12 16:14:12.688  5332 13776 W AppOps  : 	at com.android.server.AppOpsService.checkPackage(AppOpsService.java:1107)
10-12 16:14:12.688  5332 13776 W AppOps  : 	at com.android.internal.app.IAppOpsService$Stub.onTransact(IAppOpsService.java:169)
10-12 16:14:12.688  5332 13776 W AppOps  : 	at android.os.Binder.execTransact(Binder.java:682)
10-12 16:14:13.457  5332  5633 D skia    : Encode PNG Singlethread processname=system_server :       7966 us, width=84, height=84
10-12 16:14:13.965 13706 13706 E adbd    : recv: OPEN 00000331 00000000 0076:73 68 65 6C 6C 2C 76 32 2C 54 45 52 4D 3D 78 74 65 72 6D 2D 32 35 36 63 6F 6C 6F 72 2C 72 61 77 3A 64 75 6D 70 73 79 73 20 61 63 74 69 76 69 74 79 20 72 65 63 65 6E 74 73 20 7C 20 67 72 65 70 20 22 52 65 63 65 6E 74 20 23 30 22 20 7C 20 63 75 74 20 2D 64 20 22 3D 22 20 2D 66 32 20 7C 20 67 72 65 70 20 2D 6F 20 2D 70 20 22 5B 61 2D 7A 7C 2E 5D 2A 22 00 
10-12 16:14:13.966 13706 13706 E adbd    : service_to_fd: shell,v2,TERM=xterm-256color,raw:dumpsys activity recents | grep "Recent #0" | cut -d "=" -f2 | grep -o -p "[a-z|.]*"
10-12 16:14:14.063 13706 13706 E adbd    : recv: OPEN 00000334 00000000 0042:73 68 65 6C 6C 2C 76 32 2C 54 45 52 4D 3D 78 74 65 72 6D 2D 32 35 36 63 6F 6C 6F 72 2C 72 61 77 3A 67 65 74 70 72 6F 70 20 72 6F 2E 62 75 69 6C 64 2E 76 65 72 73 69 6F 6E 2E 72 65 6C 65 61 73 65 00 
10-12 16:14:14.063 13706 13706 E adbd    : service_to_fd: shell,v2,TERM=xterm-256color,raw:getprop ro.build.version.release
10-12 16:14:14.118 13706 13706 E adbd    : recv: OPEN 00000337 00000000 003e:73 68 65 6C 6C 2C 76 32 2C 54 45 52 4D 3D 78 74 65 72 6D 2D 32 35 36 63 6F 6C 6F 72 2C 72 61 77 3A 67 65 74 70 72 6F 70 20 72 6F 2E 62 75 69 6C 64 2E 76 65 72 73 69 6F 6E 2E 73 64 6B 00 
10-12 16:14:14.118 13706 13706 E adbd    : service_to_fd: shell,v2,TERM=xterm-256color,raw:getprop ro.build.version.sdk
10-12 16:14:14.203 13706 13706 E adbd    : recv: OPEN 0000033a 00000000 0067:73 68 65 6C 6C 2C 76 32 2C 54 45 52 4D 3D 78 74 65 72 6D 2D 32 35 36 63 6F 6C 6F 72 2C 72 61 77 3A 70 6D 20 67 72 61 6E 74 20 63 6F 6D 2E 61 6E 64 72 6F 69 64 2E 63 68 72 6F 6D 65 20 61 6E 64 72 6F 69 64 2E 70 65 72 6D 69 73 73 69 6F 6E 2E 57 52 49 54 45 5F 45 58 54 45 52 4E 41 4C 5F 53 54 4F 52 41 47 45 00 
10-12 16:14:14.204 13706 13706 E adbd    : service_to_fd: shell,v2,TERM=xterm-256color,raw:pm grant com.android.chrome android.permission.WRITE_EXTERNAL_STORAGE
10-12 16:14:14.657  3434  3434 I android.hardware.wifi@1.0-service: getLinkLayerStats
10-12 16:14:14.689 18655 18655 W ADebug  : Failed to get property persist.sys.media.traces
10-12 16:14:14.693 18655 18655 E appproc : Enhanced Zygote ASLR: ro.knox.enhance.zygote.aslr != 1. Enhanced Zygote ASLR is DISABLED!
10-12 16:14:14.693 18655 18655 D AndroidRuntime: >>>>>> START com.android.internal.os.RuntimeInit uid 2000 <<<<<<
10-12 16:14:14.696 18655 18655 D SecNativeFeatureCppIf: encoded
10-12 16:14:14.696 18655 18655 D SecNativeFeatureCppIf: decoding and unzip finish
10-12 16:14:14.696 18655 18655 D SecNativeFeatureCppIf: use unCompDataBuff. encoded
10-12 16:14:14.697 18655 18655 D SecNativeFeatureCppIf: Free unCompDataBuff
10-12 16:14:14.697 18655 18655 D SecNativeFeatureCppIf: encoded
10-12 16:14:14.697 18655 18655 D SecNativeFeatureCppIf: decoding and unzip finish
10-12 16:14:14.697 18655 18655 D SecNativeFeatureCppIf: use unCompDataBuff. encoded
10-12 16:14:14.697 18655 18655 D SecNativeFeatureCppIf: Free unCompDataBuff
10-12 16:14:14.697 18655 18655 D SecNativeFeatureCppIf: encoded
10-12 16:14:14.697 18655 18655 D SecNativeFeatureCppIf: decoding and unzip finish
10-12 16:14:14.697 18655 18655 D SecNativeFeatureCppIf: use unCompDataBuff. encoded
10-12 16:14:14.697 18655 18655 D SecNativeFeatureCppIf: Free unCompDataBuff
10-12 16:14:14.697 18655 18655 D SecNativeFeatureCppIf: encoded
10-12 16:14:14.697 18655 18655 D SecNativeFeatureCppIf: decoding and unzip finish
10-12 16:14:14.697 18655 18655 D SecNativeFeatureCppIf: use unCompDataBuff. encoded
10-12 16:14:14.697 18655 18655 D SecNativeFeatureCppIf: Free unCompDataBuff
10-12 16:14:14.799 18655 18655 D ICU     : Timezone override file found: /data/misc/zoneinfo/current/icu/icu_tzdata.dat
10-12 16:14:14.814 18655 18655 I app_process: find the special shared library, skip check
10-12 16:14:14.844 18655 18655 D SemCscFeature: Encoded
10-12 16:14:14.847 18655 18655 I chatty  : uid=2000(shell) identical 2 lines
10-12 16:14:14.848 18655 18655 D SemCscFeature: Encoded
10-12 16:14:14.849 18655 18655 E SemAffinityControl: SemAffinityControl: registerfunction enter
10-12 16:14:14.855 18655 18655 D AndroidRuntime: Calling main entry com.android.commands.pm.Pm
10-12 16:14:14.861 18655 18655 I app_process: System.exit called, status: 0
10-12 16:14:14.861 18655 18655 I AndroidRuntime: VM exiting with result code 0.
10-12 16:14:14.936 13706 13706 E adbd    : recv: OPEN 0000033d 00000000 0066:73 68 65 6C 6C 2C 76 32 2C 54 45 52 4D 3D 78 74 65 72 6D 2D 32 35 36 63 6F 6C 6F 72 2C 72 61 77 3A 70 6D 20 67 72 61 6E 74 20 63 6F 6D 2E 61 6E 64 72 6F 69 64 2E 63 68 72 6F 6D 65 20 61 6E 64 72 6F 69 64 2E 70 65 72 6D 69 73 73 69 6F 6E 2E 52 45 41 44 5F 45 58 54 45 52 4E 41 4C 5F 53 54 4F 52 41 47 45 00 
10-12 16:14:14.936 13706 13706 E adbd    : service_to_fd: shell,v2,TERM=xterm-256color,raw:pm grant com.android.chrome android.permission.READ_EXTERNAL_STORAGE
10-12 16:14:15.152 18500 18574 I cr_omaha: Attempting to schedule next job for: Wed Oct 12 21:12:56 GMT+02:00 2022
10-12 16:14:15.156 18500 18500 I cr_omaha: Scheduled using JobService
10-12 16:14:15.170 18500 18500 E cr_BkgrdTaskJS: Tried finishing non-current BackgroundTask.
10-12 16:14:15.396  5332  8378 D SSRM:k  : SIOP:: AP = 350, PST = 335 (W:30), BAT = 297, USB = 0, CHG = 0
10-12 16:14:15.409 18666 18666 W ADebug  : Failed to get property persist.sys.media.traces
10-12 16:14:15.412 18666 18666 E appproc : Enhanced Zygote ASLR: ro.knox.enhance.zygote.aslr != 1. Enhanced Zygote ASLR is DISABLED!
10-12 16:14:15.412 18666 18666 D AndroidRuntime: >>>>>> START com.android.internal.os.RuntimeInit uid 2000 <<<<<<
10-12 16:14:15.415 18666 18666 D SecNativeFeatureCppIf: encoded
10-12 16:14:15.415 18666 18666 D SecNativeFeatureCppIf: decoding and unzip finish
10-12 16:14:15.415 18666 18666 D SecNativeFeatureCppIf: use unCompDataBuff. encoded
10-12 16:14:15.415 18666 18666 D SecNativeFeatureCppIf: Free unCompDataBuff
10-12 16:14:15.415 18666 18666 D SecNativeFeatureCppIf: encoded
10-12 16:14:15.416 18666 18666 D SecNativeFeatureCppIf: decoding and unzip finish
10-12 16:14:15.416 18666 18666 D SecNativeFeatureCppIf: use unCompDataBuff. encoded
10-12 16:14:15.416 18666 18666 D SecNativeFeatureCppIf: Free unCompDataBuff
10-12 16:14:15.416 18666 18666 D SecNativeFeatureCppIf: encoded
10-12 16:14:15.416 18666 18666 D SecNativeFeatureCppIf: decoding and unzip finish
10-12 16:14:15.416 18666 18666 D SecNativeFeatureCppIf: use unCompDataBuff. encoded
10-12 16:14:15.416 18666 18666 D SecNativeFeatureCppIf: Free unCompDataBuff
10-12 16:14:15.416 18666 18666 D SecNativeFeatureCppIf: encoded
10-12 16:14:15.416 18666 18666 D SecNativeFeatureCppIf: decoding and unzip finish
10-12 16:14:15.416 18666 18666 D SecNativeFeatureCppIf: use unCompDataBuff. encoded
10-12 16:14:15.416 18666 18666 D SecNativeFeatureCppIf: Free unCompDataBuff
10-12 16:14:15.437  7168  7217 D ContactsProvider_EventLog: contents_sample_state: [CONTACT contacts(0) data(0) accounts({}) accounts deleted({}) calls([]) countryIso(NL) userId(0)  ]
10-12 16:14:15.437  7168  7217 D ContactsProvider_EventLog: contents_sample_state: [ agr({})  ]
10-12 16:14:15.437  7168  7217 D ContactsProvider_EventLog: contents_sample_state: [ actCnt({android.process.acore(7168)=1})  ]
10-12 16:14:15.437  7168  7217 D ContactsProvider_EventLog: contents_sample_state: [PROFILE contacts(0) data(0) accounts({})  ]
10-12 16:14:15.437  7168  7217 D ContactsProvider_EventLog: contents_sample_state: [SAPROFILE contacts(1) data(2) accounts({vnd.sec.contact.phone (1)=1})  ]
10-12 16:14:15.439  7168  7217 E ContactsProvider_EventLog: Flush buffer to file cnt : 1 size : 0Kb duration : 1ms lastUpdatedAfter : 60101 ms mFlush_time_threasold : 2000 mCurrentSize : 437
10-12 16:14:15.446  8859  8905 D ScanRecord: Not a Multi Manu data
10-12 16:14:15.521  8859  8905 I chatty  : uid=1002(bluetooth) BT Service Call identical 54 lines
10-12 16:14:15.521  8859  8905 D ScanRecord: Not a Multi Manu data
10-12 16:14:15.525  5332 13776 D BatteryService: !@BatteryListener : batteryPropertiesChanged!
10-12 16:14:15.529 18666 18666 D ICU     : Timezone override file found: /data/misc/zoneinfo/current/icu/icu_tzdata.dat
10-12 16:14:15.532  8859  8905 D ScanRecord: Not a Multi Manu data
10-12 16:14:15.544  8859  8905 I chatty  : uid=1002(bluetooth) BT Service Call identical 26 lines
10-12 16:14:15.544  8859  8905 D ScanRecord: Not a Multi Manu data
10-12 16:14:15.546 18666 18666 I app_process: find the special shared library, skip check
10-12 16:14:15.556  8859  8905 D ScanRecord: Not a Multi Manu data
10-12 16:14:15.556  8859  8905 I chatty  : uid=1002(bluetooth) BT Service Call identical 12 lines
10-12 16:14:15.556  8859  8905 D ScanRecord: Not a Multi Manu data
10-12 16:14:15.579 18666 18666 D SemCscFeature: Encoded
10-12 16:14:15.582 18666 18666 I chatty  : uid=2000(shell) identical 2 lines
10-12 16:14:15.584 18666 18666 D SemCscFeature: Encoded
10-12 16:14:15.586 18666 18666 E SemAffinityControl: SemAffinityControl: registerfunction enter
10-12 16:14:15.591  8859  8905 D ScanRecord: Not a Multi Manu data
10-12 16:14:15.591  8859  8905 I chatty  : uid=1002(bluetooth) BT Service Call identical 12 lines
10-12 16:14:15.591  8859  8905 D ScanRecord: Not a Multi Manu data
10-12 16:14:15.593 18666 18666 D AndroidRuntime: Calling main entry com.android.commands.pm.Pm
10-12 16:14:15.603 18666 18666 I app_process: System.exit called, status: 0
10-12 16:14:15.603 18666 18666 I AndroidRuntime: VM exiting with result code 0.
10-12 16:14:15.605  8859  8905 D ScanRecord: Not a Multi Manu data
10-12 16:14:15.655  8859  8905 I chatty  : uid=1002(bluetooth) BT Service Call identical 40 lines
10-12 16:14:15.655  8859  8905 D ScanRecord: Not a Multi Manu data
10-12 16:14:15.666 13706 13706 E adbd    : recv: OPEN 00000340 00000000 0042:73 68 65 6C 6C 2C 76 32 2C 54 45 52 4D 3D 78 74 65 72 6D 2D 32 35 36 63 6F 6C 6F 72 2C 72 61 77 3A 67 65 74 70 72 6F 70 20 72 6F 2E 62 75 69 6C 64 2E 76 65 72 73 69 6F 6E 2E 72 65 6C 65 61 73 65 00 
10-12 16:14:15.666 13706 13706 E adbd    : service_to_fd: shell,v2,TERM=xterm-256color,raw:getprop ro.build.version.release
10-12 16:14:15.734 13706 13706 E adbd    : recv: OPEN 00000343 00000000 003e:73 68 65 6C 6C 2C 76 32 2C 54 45 52 4D 3D 78 74 65 72 6D 2D 32 35 36 63 6F 6C 6F 72 2C 72 61 77 3A 67 65 74 70 72 6F 70 20 72 6F 2E 62 75 69 6C 64 2E 76 65 72 73 69 6F 6E 2E 73 64 6B 00 
10-12 16:14:15.734 13706 13706 E adbd    : service_to_fd: shell,v2,TERM=xterm-256color,raw:getprop ro.build.version.sdk
10-12 16:14:15.767  8859  8905 D ScanRecord: Not a Multi Manu data
10-12 16:14:15.799  8859  8905 I chatty  : uid=1002(bluetooth) BT Service Call identical 26 lines
10-12 16:14:15.799  8859  8905 D ScanRecord: Not a Multi Manu data
10-12 16:14:15.809 13706 13706 E adbd    : recv: OPEN 00000346 00000000 003e:73 68 65 6C 6C 2C 76 32 2C 54 45 52 4D 3D 78 74 65 72 6D 2D 32 35 36 63 6F 6C 6F 72 2C 72 61 77 3A 64 75 6D 70 73 79 73 20 62 61 74 74 65 72 79 73 74 61 74 73 20 2D 2D 72 65 73 65 74 00 
10-12 16:14:15.809 13706 13706 E adbd    : service_to_fd: shell,v2,TERM=xterm-256color,raw:dumpsys batterystats --reset
10-12 16:14:15.815  8859  8905 D ScanRecord: Not a Multi Manu data
10-12 16:14:15.891  3434  3434 I android.hardware.wifi@1.0-service: getLinkLayerStats
10-12 16:14:15.901  5332 13776 E BatteryStatsService: no controller energy info supplied
10-12 16:14:15.932  5332 13776 D BatteryStatsService: !@ mLastInfo WifiActivityEnergyInfo{ timestamp=1745790999 mStackState=3 mControllerTxTimeMs=869 mControllerTxTimePerLevelMs=[] mControllerRxTimeMs=135957 mControllerIdleTimeMs=4471 mControllerEnergyUsed=0 }
10-12 16:14:15.932  8859  8905 I chatty  : uid=1002(bluetooth) BT Service Call identical 68 lines
10-12 16:14:15.932  8859  8905 D ScanRecord: Not a Multi Manu data
10-12 16:14:15.932  5332 13776 D BatteryStatsService: !@ latest WifiActivityEnergyInfo{ timestamp=1745805435 mStackState=3 mControllerTxTimeMs=928 mControllerTxTimePerLevelMs=[] mControllerRxTimeMs=143005 mControllerIdleTimeMs=4471 mControllerEnergyUsed=0 }
10-12 16:14:15.932  5332 13776 D BatteryStatsService: !@ delta timePeriodMs : 14436 txTimeMs : 59 rxTimeMs :7048 idleTimeMs : 0
10-12 16:14:15.940  5332 13776 D BatteryStatsImpl: !@ currentWifiRunningTimeMs : 0 totalTimeMs : 7107 totalWifiRunningTimeMs :7107 batteryRealtimeMs :49
10-12 16:14:15.965  5332  5350 W ProcessCpuTracker: Skipping unknown process pid 18682
10-12 16:14:15.974 13706 13706 E adbd    : recv: OPEN 00000349 00000000 00eb:73 68 65 6C 6C 2C 76 32 2C 54 45 52 4D 3D 78 74 65 72 6D 2D 32 35 36 63 6F 6C 6F 72 2C 72 61 77 3A 61 6D 20 73 74 61 72 74 20 2D 61 20 61 6E 64 72 6F 69 64 2E 69 6E 74 65 6E 74 2E 61 63 74 69 6F 6E 2E 56 49 45 57 20 2D 6E 20 63 6F 6D 2E 61 6E 64 72 6F 69 64 2E 63 68 72 6F 6D 65 2F 63 6F 6D 2E 67 6F 6F 67 6C 65 2E 61 6E 64 72 6F 69 64 2E 61 70 70 73 2E 63 68 72 6F 6D 65 2E 4D 61 69 6E 20 2D 64 20 68 74 74 70 3A 2F 2F 31 39 32 2E 31 36 38 2E 34 30 2E 31 39 32 3A 38 30 30 30 2F 44 6F 77 6E 6C 6F 61 64 73 2F 67 72 65 65 6E 5F 6C 61 62 5F 77 65 62 73 69 74 65 73 2F 42 6F 67 64 61 6E 2F 52 65 61 6C 74 6F 72 5F 43 53 53 2F 77 77 77 2E 72 65 61 6C 74 6F 72 2E 63 6F 6D 2F 69 6E 64 65 78 2E 68 74 6D 6C 00 
10-12 16:14:15.974 13706 13706 E adbd    : service_to_fd: shell,v2,TERM=xterm-256color,raw:am start -a android.intent.action.VIEW -n com.android.chrome/com.google.android.apps.chrome.Main -d http://192.168.40.192:8000/Downloads/green_lab_websites/Bogdan/Realtor_CSS/www.realtor.com/index.html
10-12 16:14:16.031  6330  6330 D io_stats: !@ 179,0 r 4206536 141013228 w 3580179 80561892 d 319617 58205472 f 883676 906407 iot 3938272 3430280 th 51200 0 0 pt 0 inp 0 0 554872.656
10-12 16:14:16.042  5332 13776 I ActivityManager: START u0 {act=android.intent.action.VIEW typ=null flg=0x10000000 cmp=ComponentInfo{com.android.chrome/com.google.android.apps.chrome.Main}} from uid 2000
10-12 16:14:16.044  5332 13776 D CustomFrequencyManagerService: acquireDVFSLockLocked : type : DVFS_MIN_LIMIT  frequency : 1560000  uid : 1000  pid : 5332  pkgName : AMS_ACT_START@CPU_MIN@14
10-12 16:14:16.046  5332 13776 D ActivityManagerPerformance: AMP_acquire() ACT_START
10-12 16:14:16.061 18500 18500 D InputMethodManager: HSIFW - flag : 0 Pid : 18500
10-12 16:14:16.062  5332 13776 V InputMethodManagerService: Client requesting input be hidden, flags : 0
10-12 16:14:16.062  5332 13776 V InputMethodManagerService: hideCurrentInputLocked : shouldHideSoftInput is false
10-12 16:14:16.067  5332 13776 D ConnectivityService: filterNetworkStateForUid() uid: 10095 networkInfo: [type: WIFI[] - WIFI, state: CONNECTED/CONNECTED, reason: (unspecified), extra: "fiveguys", failover: false, available: true, roaming: false, metered: false]
10-12 16:14:16.072 18500 18500 E cr_IntentUtils: getInt failed on bundle null
10-12 16:14:16.076 18500 18500 E ResourceType: Style contains key with bad entry: 0x0101062c
10-12 16:14:16.079  5332 13776 D ConnectivityService: filterNetworkStateForUid() uid: 10095 networkInfo: [type: WIFI[] - WIFI, state: CONNECTED/CONNECTED, reason: (unspecified), extra: "fiveguys", failover: false, available: true, roaming: false, metered: false]
10-12 16:14:16.089  5332 12211 I ApplicationPolicy: isApplicationExternalStorageWhitelisted:com.android.chrome user:0
10-12 16:14:16.089  5332 12211 D ApplicationPolicy: isApplicationExternalStorageWhitelisted: DO is not enabled on user 0. Allowed.
10-12 16:14:16.089  5332 12211 D ActivityManager: package  com.android.chrome, user - 0 is SDcard whitelisted
10-12 16:14:16.089  5332 12211 I ApplicationPolicy: isApplicationExternalStorageBlacklisted:com.android.chrome user:0
10-12 16:14:16.089  5332 12211 D ApplicationPolicy: isApplicationExternalStorageBlacklisted: DO is not enabled on user 0. Allowed.
10-12 16:14:16.089  5332 12211 I ActivityManager: SA, print process name forked by webview_zygote : com.android.chrome:sandboxed_process1
10-12 16:14:16.093 29000 29000 E SchedPolicy: add_tid_to_cgroup failed; fd=-1
10-12 16:14:16.099 18500 18500 I cr_tabmodel: Appending tabs being restored to metadata lists, 0, startingNormalCount: 4, startingIncognitoCount: 0
10-12 16:14:16.099 18500 18500 I cr_tabmodel: Serializing tab lists; counts: 4, 0
10-12 16:14:16.101 18500 18500 D InputMethodManager: HSIFW - flag : 0 Pid : 18500
10-12 16:14:16.101 18689 18689 E /system/bin/webview_zygote32: failed to make and chown /acct/uid_99859: Permission denied
10-12 16:14:16.101 18689 18689 E Zygote  : createProcessGroup(99859, 0) failed: Permission denied
10-12 16:14:16.101 18689 18689 E libpersona: Couldn't open the File - /data/system/users/0.xml - Permission denied
10-12 16:14:16.101  5332  8745 V InputMethodManagerService: Client requesting input be hidden, flags : 0
10-12 16:14:16.101  5332  8745 V InputMethodManagerService: hideCurrentInputLocked : shouldHideSoftInput is false
10-12 16:14:16.102 18689 18689 W SELinux : SELinux selinux_android_compute_policy_index : Policy Index[2],  Con:u:r:webview_zygote:s0 RAM:SEPF_SM-J720F_8.0.0_0002, [-1 -1 -1 -1 0 1]
10-12 16:14:16.102 18689 18689 I SELinux : SELinux: seapp_context_lookup: seinfo=chrome, level=s0:c512,c768, pkgname=com.android.chrome:sandboxed_process1 
10-12 16:14:16.104  5332 12211 I ActivityManager: Start proc 18689:com.android.chrome:sandboxed_process1/u0i859 for webview_service com.android.chrome/org.chromium.content.app.SandboxedProcessService1
10-12 16:14:16.122 18689 18689 I SamplingProfilerIntegration: Profiling disabled.
10-12 16:14:16.124 18500 18500 V InputMethodManager: Starting input: tba=android.view.inputmethod.EditorInfo@cefb973 nm : com.android.chrome ic=null
10-12 16:14:16.124 18500 18500 I InputMethodManager: startInputInner - mService.startInputOrWindowGainedFocus
10-12 16:14:16.124  5332  8745 D InputMethodManagerService: startInputOrWindowGainedFocus : startInput 
10-12 16:14:16.125  5332  8745 D InputMethodManagerService: setCurrentInputInfo - inputContext : null eidtorInfo : android.view.inputmethod.EditorInfo@c571be6 missingMethods : 0
10-12 16:14:16.125  5657  5657 I InputMethodWrapper:  call dispatchStartInputWithToken
10-12 16:14:16.126  5657  5657 I InputMethodService: dispatchStartInputWithToken
10-12 16:14:16.127  5657  5657 I SKBD    : SamsungKeypad [IMI] onStartInput - caller pid : 18500, caller uid : 10095
