10-12 16:14:08.566 13706 13706 E adbd    : service_to_fd: shell,v2,TERM=xterm-256color,raw:am start -S -a android.intent.action.VIEW -n com.android.chrome/com.google.android.apps.chrome.Main --activity-clear-task
--------- beginning of system
10-12 16:14:08.579  5332  5358 W StorageManager: getStorageFullBytes DEFAULT_FULL_THRESHOLD_BYTES : 20971520, threadhold : 20971520
10-12 16:14:08.579  5332  5358 W StorageManager: getStorageLowBytes lowPercent : 5, lowBytes : 1260145254, maxLowBytes : 524288000
10-12 16:14:08.583  5332  5358 W DeviceStorageMonitorService: updateBroadcasts(/data) oldLevel:0, newLevel:0, seq:1
10-12 16:14:08.583  5332  5358 W DeviceStorageMonitorService: updateBroadcasts_filenode(/data) fn_oldLevel:0, fn_newLevel:0, seq:1
10-12 16:14:08.628  3434  3434 I android.hardware.wifi@1.0-service: getLinkLayerStats
10-12 16:14:08.649  5332 13776 I ActivityManager: Force stopping com.android.chrome appid=10095 user=0: from pid 18498
10-12 16:14:08.656  5332  5332 D SamsungAlarmManager: Remove alarm for next reason : android.intent.action.PACKAGE_RESTARTED : package: com.android.chrome
10-12 16:14:08.661  5332  5350 W BroadcastQueue: Background execution not allowed: receiving Intent { act=android.intent.action.PACKAGE_RESTARTED dat=package:com.android.chrome flg=0x10 (has extras) } to android/com.kddi.android.CpaNotiReceiver
10-12 16:14:08.662  5332  5350 W BroadcastQueue: Background execution not allowed: receiving Intent { act=android.intent.action.PACKAGE_RESTARTED dat=package:com.android.chrome flg=0x10 (has extras) } to com.sec.android.daemonapp/com.samsung.android.weather.daemon.receiver.ClearDataReceiver
10-12 16:14:08.664  6043  6043 D CarrierSvcBindHelper: No carrier app for: 0
10-12 16:14:08.666  6043  6043 D CarrierSvcBindHelper: No carrier app for: 1
10-12 16:14:08.913  5332 13776 I ActivityManager: START u0 {act=android.intent.action.VIEW typ=null flg=0x10008000 cmp=ComponentInfo{com.android.chrome/com.google.android.apps.chrome.Main}} from uid 2000
10-12 16:14:08.917  5332 13776 D CustomFrequencyManagerService: acquireDVFSLockLocked : type : DVFS_MIN_LIMIT  frequency : 1560000  uid : 1000  pid : 5332  pkgName : AMS_APP_SWITCH@CPU_MIN@62
10-12 16:14:08.921  5332 13776 D ActivityManagerPerformance: AMP_acquire() APP_SWITCH
10-12 16:14:08.921  5332  6416 D ActivityManagerPerformance: Received MSG_CFMS_HINT_AMS_SWITCH pkgName: com.android.chrome
10-12 16:14:08.928  5332  5422 E ResourceType: Style contains key with bad entry: 0x0101062c
10-12 16:14:08.928 19118 19118 V Launcher: Launcher.onPause()
10-12 16:14:08.929 19118 19118 D Launcher: setHotWordDetection : call requestHotWordDetection false
10-12 16:14:08.930  5332  5422 E ResourceType: Style contains key with bad entry: 0x0101062c
10-12 16:14:08.933  5332  5332 D MdnieScenarioControlService: Listener Real Multi Window State : false
10-12 16:14:08.938 29316 29316 I GsaVoiceInteractionSrv: Handling ACTION_STOP_HOTWORD
10-12 16:14:08.939 29316 29356 I HwDetectorWithState: (REDACTED) a: %d
10-12 16:14:08.939  5332  5343 D ActivityManager: isScaleDownAnimationEnabled() : false
10-12 16:14:08.940  5332  5343 D StorageManagerService: getExternalStorageMountMode : 3
10-12 16:14:08.940  5332  5343 D StorageManagerService: getExternalStorageMountMode : 3
10-12 16:14:08.940  5332  5343 D StorageManagerService: getExternalStorageMountMode : final mountMode=3, uid : 10095, packageName : com.android.chrome
10-12 16:14:08.940  5332  5343 I ApplicationPolicy: isApplicationExternalStorageWhitelisted:com.android.chrome user:0
10-12 16:14:08.940  5332  5343 D ApplicationPolicy: isApplicationExternalStorageWhitelisted: DO is not enabled on user 0. Allowed.
10-12 16:14:08.940  5332  5343 D ActivityManager: package  com.android.chrome, user - 0 is SDcard whitelisted
10-12 16:14:08.940  5332  5343 I ApplicationPolicy: isApplicationExternalStorageBlacklisted:com.android.chrome user:0
10-12 16:14:08.940  5332  5343 D ApplicationPolicy: isApplicationExternalStorageBlacklisted: DO is not enabled on user 0. Allowed.
10-12 16:14:08.941  5332  5422 D ViewRootImpl@6fa2300[chrome]: setView = DecorView@f82717e[chrome] TM=true MM=false
10-12 16:14:08.949  5332  5343 I ActivityManager: Start proc 18500:com.android.chrome/u0a95 for activity com.android.chrome/com.google.android.apps.chrome.Main
10-12 16:14:08.950 18500 18500 E Zygote  : isWhitelistProcess - Process is Whitelisted
10-12 16:14:08.950  5332  5422 D ViewRootImpl@6fa2300[chrome]: dispatchAttachedToWindow
10-12 16:14:08.950 18500 18500 E libpersona: scanKnoxPersonas
10-12 16:14:08.950 18500 18500 E libpersona: Couldn't open the File - /data/system/users/0/personalist.xml - No such file or directory
10-12 16:14:08.951  5332  5422 V WindowManager: Relayout Window{12b1739 u0 Splash Screen com.android.chrome}: viewVisibility=0 req=719x1237 WM.LayoutParams{(0,0)(fillxfill) sim=#20 ty=3 fl=#81830118 pfl=0x20011 wanim=0x10302fd vsysui=0x2600 needsMenuKey=2 colorMode=0 naviIconColor=0}
10-12 16:14:08.952 18500 18500 W SELinux : SELinux selinux_android_compute_policy_index : Policy Index[2],  Con:u:r:zygote:s0 RAM:SEPF_SM-J720F_8.0.0_0002, [-1 -1 -1 -1 0 1]
10-12 16:14:08.953 18500 18500 I SELinux : SELinux: seapp_context_lookup: seinfo=chrome, level=s0:c512,c768, pkgname=com.android.chrome 
10-12 16:14:08.955  3445  3445 I SurfaceFlinger: id=12171 createSurf (720x1280),1 flag=404, Splash Screen com.android.chrome#0
10-12 16:14:08.957  5332  5422 V Surface : sf_framedrop debug : 0x4f4c, game : false, logging : 0
10-12 16:14:08.960  5332  5422 D ViewRootImpl@6fa2300[chrome]: Relayout returned: old=[0,0][0,0] new=[0,0][720,1280] result=0x7 surface={valid=true 545677787136} changed=true
10-12 16:14:08.973 18500 18500 D TimaKeyStoreProvider: TimaKeyStore is not enabled: cannot add TimaSignature Service and generateKeyPair Service
10-12 16:14:08.974 18500 18500 D ActivityThread: Added TimaKeyStore provider
10-12 16:14:08.977  5332  5422 V WindowManager: finishDrawingLocked: mDrawState=COMMIT_DRAW_PENDING Window{12b1739 u0 Splash Screen com.android.chrome} in Surface(name=Splash Screen com.android.chrome)
10-12 16:14:08.978  5332  5713 I ActivityManager: DSS on for com.android.chrome and scale is 1.0
10-12 16:14:08.982  5332  5713 V WindowManager: rotationForOrientationLw(orient=-1, last=0); user=0  sensorRotation=-1 mLidState=-1 mDockMode=0 mHdmiPlugged=false
10-12 16:14:08.989  5332  5713 D PersonaManagerService: Current focused persona service handled id set to : 0
10-12 16:14:08.989  5332  5713 D InputDispatcher: Focused application set to: xxxx
10-12 16:14:08.990  5332  5713 D InputDispatcher: Focus left window: 19118
10-12 16:14:08.991  5332  5537 D GameManagerService: handleForegroundChange(). pkgName: com.android.chrome, clsName: org.chromium.chrome.browser.ChromeTabbedActivity,FgActivityName:com.android.chrome/org.chromium.chrome.browser.ChromeTabbedActivity
10-12 16:14:08.991  5332  5713 D MARsPolicyManager: onPackageResumedFG pkgName = com.android.chrome, userId = 0
10-12 16:14:08.991  5332  5537 D GameManagerService: sem_perfomance_mode: 3
10-12 16:14:08.991  5332  5537 D GameManagerService: notifyResumePause(). pkg: com.android.chrome, type: 4, isMinimized: false, isTunableApp: false
10-12 16:14:08.991  5332  5537 D GameManagerService:   notifyResumePause(). unexpected mPrevNotiType: -1
10-12 16:14:08.993  5332  5713 D SamsungAnimationCreator: createAnimation type:LowEnd transit:12 enter:false wallpaperXoffset:-280 split:false fixedOri:false
10-12 16:14:08.993  5332  5713 D SamsungAnimationCreator: createAnimation displayFrame:Rect(0, 0 - 720, 1280) frame:null insets:null
10-12 16:14:09.000  5332  8378 D GamePkgDataHelper: getGamePkgDataIncServer(). com.android.chrome
10-12 16:14:09.001  5332  8378 D GamePkgDataHelper: getSosPolicy(). com.android.chrome
10-12 16:14:09.001 19118 19118 I Launcher: onWindowVisibilityChanged : false
10-12 16:14:09.001  5332  8378 D GameManagerService: identifyGamePackage. com.android.chrome
10-12 16:14:09.001  5332  8378 D GamePkgDataHelper: getGamePkgData(). com.android.chrome
10-12 16:14:09.002  5332  8378 D GameManagerService: identifyGamePackage. com.android.chrome
10-12 16:14:09.003  5332  8378 D GamePkgDataHelper: getGamePkgData(). com.android.chrome
10-12 16:14:09.004  5332  5351 D WindowManager: set systemUiVisibility : systemUiFlags= 0x2608 fullscreenStackSysUiFlags= 0x2000
10-12 16:14:09.005  5332 13776 D WindowManager: adjustSystemUiVisibilityLw : vis= 0x2608
10-12 16:14:09.005 19118 23648 D OpenGLRenderer: eglDestroySurface = 0x7ef3b066c0
10-12 16:14:09.006  5332  8378 D GameManagerService: identifyGamePackage. com.android.chrome
10-12 16:14:09.006  5332  8378 D GamePkgDataHelper: getGamePkgData(). com.android.chrome
10-12 16:14:09.006  5332  5713 V WindowManager: Relayout Window{ec3bcb2 u0 com.sec.android.app.launcher/com.sec.android.app.launcher.activities.LauncherActivity}: viewVisibility=8 req=720x1280 WM.LayoutParams{(0,0)(fillxfill) sim=#120 ty=1 fl=#81910d00 pfl=0x20000 fmt=-2 wanim=0x10302ea vsysui=0x700 needsMenuKey=2 colorMode=0 naviIconColor=0}
10-12 16:14:09.010  5332  8378 D GameManagerService: identifyGamePackage. com.android.chrome
10-12 16:14:09.010  5332  8378 D GamePkgDataHelper: getGamePkgData(). com.android.chrome
10-12 16:14:09.011 19118 19118 D ViewRootImpl@7c18110[LauncherActivity]: Relayout returned: old=[0,0][720,1280] new=[0,0][720,1280] result=0x5 surface={valid=false 0} changed=true
10-12 16:14:09.011 19118 19118 D ViewRootImpl@7c18110[LauncherActivity]: MSG_WINDOW_FOCUS_CHANGED 0
10-12 16:14:09.013 18500 18500 I zygote  : no shared libraies, dex_files: 1
10-12 16:14:09.028 18500 18500 I cr_SplitCompatApp: Launched version=106.0.5249.79 minSdkVersion=24 isBundle=true processName=com.android.chrome isIsolated=false
10-12 16:14:09.056  5666  5694 D SystemServicesProxy: updateOverviewLastStackActiveTimeAsync: newTime=1665584048990
10-12 16:14:09.057  5332 13776 D SecContentProvider: query(), uri = 17 selection = isSettingsChangesAllowed
10-12 16:14:09.058  5332 13776 D SecContentProvider: called from android.uid.systemui:10008
10-12 16:14:09.059  5666  5860 D SystemServicesProxy: updateOverviewLastStackActiveTimeAsync: done.
10-12 16:14:09.061  5332  5713 W StorageManager: getStorageLowBytes lowPercent : 5, lowBytes : 1260145254, maxLowBytes : 524288000
10-12 16:14:09.066  5332  5713 W StorageManager: getStorageLowBytes lowPercent : 5, lowBytes : 1260145254, maxLowBytes : 524288000
10-12 16:14:09.088  5332  5439 D SamsungAlarmManager: Expired : 8
10-12 16:14:09.088  5332  5439 I SamsungAlarmManager: setLocked to kernel - T:3 / 20221012T161500, SetElapsed=1745849539, nowELAPSED=1745798627
10-12 16:14:09.088  5332  5439 V SamsungAlarmManager: Sending to uid : 10025 listener=android.os.BinderProxy@3ca3a5e alarm=Alarm{ed95218 type 3 when 1745798627 com.google.android.gms}
10-12 16:14:09.090 28630 11574 I FontLog : Received query Google Sans, URI content://com.google.android.gms.fonts [CONTEXT service_id=132 ]
10-12 16:14:09.090 28630 11574 I FontLog : Query [Google Sans] resolved to {Google Sans, wdth 100.0, wght 400, ital 0.0, bestEffort false} [CONTEXT service_id=132 ]
10-12 16:14:09.091  3445  3445 I SurfaceFlinger: Display 0 HWC layers:
10-12 16:14:09.091  3445  3445 I SurfaceFlinger:     type    |    handle    | flag |  format   |   source crop (l,t,r,b)    |         frame       | name 
10-12 16:14:09.091  3445  3445 I SurfaceFlinger: ------------+--------------+------+-----------+----------------------------+---------------------+------
10-12 16:14:09.091  3445  3445 I SurfaceFlinger:      Device | 0x739fc24f00 | 0002 | RGBx_8888 | 280.0    0.0 1000.0 1280.0 |    0    0  720 1280 | com.android.systemui.ImageWallpaper#0
10-12 16:14:09.091  3445  3445 I SurfaceFlinger:      Device | 0x73999691c0 | 0000 | RGBA_8888 |  21.0   37.0  700.0 1244.0 |    0    0  720 1280 | com.sec.android.app.launcher/com.sec[...]uncher.activities.LauncherActivity#0
10-12 16:14:09.091  3445  3445 I SurfaceFlinger:      Device | 0x73999933c0 | 0002 | RGBA_8888 |   0.0    0.0  720.0 1280.0 |  133  236  588 1044 | Splash Screen com.android.chrome#0
10-12 16:14:09.091  3445  3445 I SurfaceFlinger:      Device | 0x739fc25080 | 0000 | RGBA_8888 |   0.0    0.0  720.0   42.0 |    0    0  720   42 | StatusBar#0
10-12 16:14:09.091  3445  3445 I SurfaceFlinger:      Device | 0x739fc25f80 | 0000 | RGBA_8888 |   0.0    0.0  720.0 1280.0 |    0    0  720 1280 | PointerLocation#0
10-12 16:14:09.091  3445  3445 I SurfaceFlinger: 
10-12 16:14:09.095 28630 11574 I FontLog : Font PFD returned from cache for {Google Sans, wdth 100.0, wght 400, ital 0.0, bestEffort false} [CONTEXT service_id=132 ]
10-12 16:14:09.095 28630 11574 I FontLog : Fetch {Google Sans, wdth 100.0, wght 400, ital 0.0, bestEffort false} end status Status{statusCode=SUCCESS, resolution=null} [CONTEXT service_id=132 ]
10-12 16:14:09.100  5332  5343 D ConnectivityService: filterNetworkStateForUid() uid: 10025 networkInfo: [type: WIFI[] - WIFI, state: CONNECTED/CONNECTED, reason: (unspecified), extra: "fiveguys", failover: false, available: true, roaming: false, metered: false]
10-12 16:14:09.106  5332  8745 D SamsungAlarmManager: setExact Listener (T:3/F:1/AC:false) 20221012T161609 - CU:10025/CP:28630
10-12 16:14:09.111 28630 21529 I FontLog : Pulling font file for id = 6666, cache size = 19 [CONTEXT service_id=132 ]
10-12 16:14:09.125 28630 21529 I FontLog : Received query Google Sans:500, URI content://com.google.android.gms.fonts [CONTEXT service_id=132 ]
10-12 16:14:09.126 28630 21529 I FontLog : Query [Google Sans:500] resolved to {Google Sans, wdth 100.0, wght 500, ital 0.0, bestEffort false} [CONTEXT service_id=132 ]
10-12 16:14:09.127 28630 21529 I FontLog : Font PFD returned from cache for {Google Sans, wdth 100.0, wght 500, ital 0.0, bestEffort false} [CONTEXT service_id=132 ]
10-12 16:14:09.128 28630 21529 I FontLog : Fetch {Google Sans, wdth 100.0, wght 500, ital 0.0, bestEffort false} end status Status{statusCode=SUCCESS, resolution=null} [CONTEXT service_id=132 ]
10-12 16:14:09.131  5332  5456 D MdnieScenarioControlService:  packageName : com.android.chrome    className : com.google.android.apps.chrome.Main
10-12 16:14:09.133 28630 18523 I GCoreUlr: Successfully inserted 1 locations
10-12 16:14:09.135 28630 21529 I FontLog : Pulling font file for id = 6667, cache size = 20 [CONTEXT service_id=132 ]
10-12 16:14:09.146 28630 21529 I FontLog : Received query Google Sans:700, URI content://com.google.android.gms.fonts [CONTEXT service_id=132 ]
10-12 16:14:09.147 28630 21529 I FontLog : Query [Google Sans:700] resolved to {Google Sans, wdth 100.0, wght 700, ital 0.0, bestEffort false} [CONTEXT service_id=132 ]
10-12 16:14:09.148 28630 21529 I FontLog : Fetch {Google Sans, wdth 100.0, wght 700, ital 0.0, bestEffort false} end status Status{statusCode=SUCCESS, resolution=null} [CONTEXT service_id=132 ]
10-12 16:14:09.149  5332  5456 V MdnieScenarioControlService: Calling MdnieManager API(setContentMode(8))
10-12 16:14:09.149 18500 18521 I cr_LibraryLoader: Successfully loaded native library
10-12 16:14:09.149  5332  5456 D SemDisplaySolutionManagerService: uid : 1000 , pid : 5332 , name : hdr_effect_off
10-12 16:14:09.150  5332  5456 D SemDisplaySolutionManagerService: where : application what : DEFAULT setScreenBrightnessScaleFactor(-1.0)
10-12 16:14:09.150  5332  5456 D PowerManagerService: [api] setScreenBrightnessScaleFactor: scaleFactor: -1.0 (uid: 1000 pid: 5332)
10-12 16:14:09.150  5332  5456 D SemDisplaySolutionManagerService: setMultipleScreenBrightness , application, DEFAULT, -1.0
10-12 16:14:09.150  5332  5456 V MdnieScenarioControlService: Calling SemDisplaySolutionManager API(setMultipleScreenBrightness(0)
10-12 16:14:09.151  5003 25420 V APM_AudioPolicyManager: setAudioPolicyConfig: audioEffectParam;audioHDR=0;packageName=com.android.chrome
10-12 16:14:09.152  5332  5456 I AudioService: audioEffectParam;audioHDR=0;packageName=com.android.chrome
10-12 16:14:09.152  5332  5456 V MdnieScenarioControlService: setBrowserMode from Browser function
10-12 16:14:09.152 18500 18521 I cr_CachingUmaRecorder: Flushed 19 samples from 17 histograms.
10-12 16:14:09.157 28630 21529 I FontLog : Pulling font file for id = 6668, cache size = 20 [CONTEXT service_id=132 ]
10-12 16:14:09.217 18500 18500 E ResourceType: Style contains key with bad entry: 0x0101062c
10-12 16:14:09.229 18500 18526 W DynamiteModule: Local module descriptor class for com.google.android.gms.googlecertificates not found.
10-12 16:14:09.230 18500 18500 E ResourceType: Style contains key with bad entry: 0x0101062c
10-12 16:14:09.241 18500 18526 W zygote  : Skipping duplicate class check due to unrecognized classloader
10-12 16:14:09.243 18500 18526 I DynamiteModule: Considering local module com.google.android.gms.googlecertificates:0 and remote module com.google.android.gms.googlecertificates:7
10-12 16:14:09.243 18500 18526 I DynamiteModule: Selected remote version of com.google.android.gms.googlecertificates, version >= 7
10-12 16:14:09.253 18500 18526 W ResourceType: ResTable_typeSpec entry count inconsistent: given 76, previously 78
10-12 16:14:09.253 18500 18526 W ResourceType: ResTable_typeSpec entry count inconsistent: given 3262, previously 3285
10-12 16:14:09.254 18500 18526 W ResourceType: ResTable_typeSpec entry count inconsistent: given 510, previously 4279
10-12 16:14:09.270 18500 18526 W zygote  : Skipping duplicate class check due to unrecognized classloader
10-12 16:14:09.287 18500 18500 W ResourceType: Failure getting entry for 0x7f010055 (t=0 e=85) (error -75)
10-12 16:14:09.294  5332  5343 W AppOps  : Bad call: specified package com.google.android.gms under uid 10095 but it is really 10025
10-12 16:14:09.294  5332  5343 W AppOps  : java.lang.RuntimeException: here
10-12 16:14:09.294  5332  5343 W AppOps  : 	at com.android.server.AppOpsService.getOpsRawLocked(AppOpsService.java:1403)
10-12 16:14:09.294  5332  5343 W AppOps  : 	at com.android.server.AppOpsService.checkPackage(AppOpsService.java:1107)
10-12 16:14:09.294  5332  5343 W AppOps  : 	at com.android.internal.app.IAppOpsService$Stub.onTransact(IAppOpsService.java:169)
10-12 16:14:09.294  5332  5343 W AppOps  : 	at android.os.Binder.execTransact(Binder.java:682)
10-12 16:14:09.298 18500 18500 I cr_CompositorSurfaceMgr: Transitioning to surface with format: -1
10-12 16:14:09.300  5332  5343 I chatty  : uid=1000(system) Binder:5332_2 identical 2 lines
10-12 16:14:09.305  5332  5343 W AppOps  : Bad call: specified package com.google.android.gms under uid 10095 but it is really 10025
10-12 16:14:09.305  5332  5343 W AppOps  : java.lang.RuntimeException: here
10-12 16:14:09.305  5332  5343 W AppOps  : 	at com.android.server.AppOpsService.getOpsRawLocked(AppOpsService.java:1403)
10-12 16:14:09.305  5332  5343 W AppOps  : 	at com.android.server.AppOpsService.checkPackage(AppOpsService.java:1107)
10-12 16:14:09.305  5332  5343 W AppOps  : 	at com.android.internal.app.IAppOpsService$Stub.onTransact(IAppOpsService.java:169)
10-12 16:14:09.305  5332  5343 W AppOps  : 	at android.os.Binder.execTransact(Binder.java:682)
10-12 16:14:09.308 18500 18500 W ResourceType: Failure getting entry for 0x7f010530 (t=0 e=1328) (error -75)
10-12 16:14:09.357 18500 18517 I cr_tabmodel: Starting to fetch tab list for tab_state0
10-12 16:14:09.357 18500 18528 I cr_tabmodel: Starting to fetch tab list for tab_state1
10-12 16:14:09.358 18500 18528 I cr_tabmodel: State file does not exist.
10-12 16:14:09.358 18500 18517 I cr_tabmodel: Finished fetching tab list.
10-12 16:14:09.412 18500 18534 D OpenGLRenderer: HWUI GL Pipeline
10-12 16:14:09.418 18500 18500 D ViewRootImpl@5953633[Main]: setView = DecorView@57dcdf0[Main] TM=true MM=false
10-12 16:14:09.422  5332 13776 D ActivityManager: post active user change for 0 fullscreen true isHomeActivity() false
10-12 16:14:09.433 18500 18500 V InputMethodManager: Not IME target window, ignoring
10-12 16:14:09.434 18500 18500 D ViewRootImpl@5953633[Main]: dispatchAttachedToWindow
10-12 16:14:09.436  5332 13776 I ApplicationPolicy: isApplicationExternalStorageWhitelisted:com.android.chrome user:0
10-12 16:14:09.436  5332 13776 D ApplicationPolicy: isApplicationExternalStorageWhitelisted: DO is not enabled on user 0. Allowed.
10-12 16:14:09.436  5332 13776 D ActivityManager: package  com.android.chrome, user - 0 is SDcard whitelisted
10-12 16:14:09.436  5332 13776 I ApplicationPolicy: isApplicationExternalStorageBlacklisted:com.android.chrome user:0
10-12 16:14:09.437  5332 13776 D ApplicationPolicy: isApplicationExternalStorageBlacklisted: DO is not enabled on user 0. Allowed.
10-12 16:14:09.437 28630 11039 E bfry    : Phenotype API error. Event # ddoj@3cc0cb31, EventCode: 7 [CONTEXT service_id=51 ]
10-12 16:14:09.437 28630 11039 E bfry    : bfra: 29505: No config packages for log source, or config package not registered
10-12 16:14:09.437 28630 11039 E bfry    : 	at bfst.b(:com.google.android.gms@223616019@22.36.16 (040400-476895098):4)
10-12 16:14:09.437 28630 11039 E bfry    : 	at bfsq.g(:com.google.android.gms@223616019@22.36.16 (040400-476895098):0)
10-12 16:14:09.437 28630 11039 E bfry    : 	at bfry.e(:com.google.android.gms@223616019@22.36.16 (040400-476895098):4)
10-12 16:14:09.437 28630 11039 E bfry    : 	at bfry.f(:com.google.android.gms@223616019@22.36.16 (040400-476895098):2)
10-12 16:14:09.437 28630 11039 E bfry    : 	at arjg.ep(:com.google.android.gms@223616019@22.36.16 (040400-476895098):1)
10-12 16:14:09.437 28630 11039 E bfry    : 	at arjm.run(:com.google.android.gms@223616019@22.36.16 (040400-476895098):12)
10-12 16:14:09.437 28630 11039 E bfry    : 	at cjoq.run(:com.google.android.gms@223616019@22.36.16 (040400-476895098):2)
10-12 16:14:09.437 28630 11039 E bfry    : 	at aarl.c(:com.google.android.gms@223616019@22.36.16 (040400-476895098):6)
10-12 16:14:09.437 28630 11039 E bfry    : 	at aarl.run(:com.google.android.gms@223616019@22.36.16 (040400-476895098):7)
10-12 16:14:09.437 28630 11039 E bfry    : 	at java.util.concurrent.ThreadPoolExecutor.runWorker(ThreadPoolExecutor.java:1162)
10-12 16:14:09.437 28630 11039 E bfry    : 	at java.util.concurrent.ThreadPoolExecutor$Worker.run(ThreadPoolExecutor.java:636)
10-12 16:14:09.437 28630 11039 E bfry    : 	at aaws.run(:com.google.android.gms@223616019@22.36.16 (040400-476895098):0)
10-12 16:14:09.437 28630 11039 E bfry    : 	at java.lang.Thread.run(Thread.java:764)
10-12 16:14:09.437  5332 13776 I ActivityManager: SA, print process name forked by webview_zygote : com.android.chrome:sandboxed_process0
10-12 16:14:09.438 28630 11039 W AsyncOperation: operation=GetExperimentTokensOperationCall, opStatusCode=29505 [CONTEXT service_id=51 ]
10-12 16:14:09.438 28630 11039 W AsyncOperation: OperationException[Status{statusCode=No config packages for log source, or config package not registered, resolution=null}]
10-12 16:14:09.438 28630 11039 W AsyncOperation: 	at bfry.e(:com.google.android.gms@223616019@22.36.16 (040400-476895098):6)
10-12 16:14:09.438 28630 11039 W AsyncOperation: 	at bfry.f(:com.google.android.gms@223616019@22.36.16 (040400-476895098):2)
10-12 16:14:09.438 28630 11039 W AsyncOperation: 	at arjg.ep(:com.google.android.gms@223616019@22.36.16 (040400-476895098):1)
10-12 16:14:09.438 28630 11039 W AsyncOperation: 	at arjm.run(:com.google.android.gms@223616019@22.36.16 (040400-476895098):12)
10-12 16:14:09.438 28630 11039 W AsyncOperation: 	at cjoq.run(:com.google.android.gms@223616019@22.36.16 (040400-476895098):2)
10-12 16:14:09.438 28630 11039 W AsyncOperation: 	at aarl.c(:com.google.android.gms@223616019@22.36.16 (040400-476895098):6)
10-12 16:14:09.438 28630 11039 W AsyncOperation: 	at aarl.run(:com.google.android.gms@223616019@22.36.16 (040400-476895098):7)
10-12 16:14:09.438 28630 11039 W AsyncOperation: 	at java.util.concurrent.ThreadPoolExecutor.runWorker(ThreadPoolExecutor.java:1162)
10-12 16:14:09.438 28630 11039 W AsyncOperation: 	at java.util.concurrent.ThreadPoolExecutor$Worker.run(ThreadPoolExecutor.java:636)
10-12 16:14:09.438 28630 11039 W AsyncOperation: 	at aaws.run(:com.google.android.gms@223616019@22.36.16 (040400-476895098):0)
10-12 16:14:09.438 28630 11039 W AsyncOperation: 	at java.lang.Thread.run(Thread.java:764)
10-12 16:14:09.439  3445  3445 I SurfaceFlinger: Display 0 HWC layers:
10-12 16:14:09.439  3445  3445 I SurfaceFlinger:     type    |    handle    | flag |  format   |   source crop (l,t,r,b)    |         frame       | name 
10-12 16:14:09.439  3445  3445 I SurfaceFlinger: ------------+--------------+------+-----------+----------------------------+---------------------+------
10-12 16:14:09.439  3445  3445 I SurfaceFlinger:      Device | 0x73999933c0 | 0002 | RGBA_8888 |   0.0    0.0  720.0 1280.0 |    0    0  720 1280 | Splash Screen com.android.chrome#0
10-12 16:14:09.439  3445  3445 I SurfaceFlinger:      Device | 0x739fc25080 | 0000 | RGBA_8888 |   0.0    0.0  720.0   42.0 |    0    0  720   42 | StatusBar#0
10-12 16:14:09.439  3445  3445 I SurfaceFlinger:      Device | 0x739fc25f80 | 0000 | RGBA_8888 |   0.0    0.0  720.0 1280.0 |    0    0  720 1280 | PointerLocation#0
10-12 16:14:09.439  3445  3445 I SurfaceFlinger: 
10-12 16:14:09.440  5332  5343 V WindowManager: Relayout Window{e67ff51 u0 com.android.chrome/com.google.android.apps.chrome.Main}: viewVisibility=0 req=719x1237 WM.LayoutParams{(0,0)(fillxfill) sim=#113 ty=1 fl=#81810100 pfl=0x20000 wanim=0x10302fd vsysui=0x2600 sysuil=true needsMenuKey=2 colorMode=0 naviIconColor=0}
10-12 16:14:09.441 29000 29000 E SchedPolicy: add_tid_to_cgroup failed; fd=-1
10-12 16:14:09.444  3445  3445 I SurfaceFlinger: id=12172 createSurf (720x1280),1 flag=404, com.android.chrome/com.google.android.apps.chrome.Main#0
10-12 16:14:09.445  5332  5343 V Surface : sf_framedrop debug : 0x4f4c, game : false, logging : 0
10-12 16:14:09.448  5332  5343 D InputDispatcher: Focus entered window: 18500
10-12 16:14:09.449 18536 18536 E /system/bin/webview_zygote32: failed to make and chown /acct/uid_99858: Permission denied
10-12 16:14:09.449 18536 18536 E Zygote  : createProcessGroup(99858, 0) failed: Permission denied
10-12 16:14:09.449 18536 18536 E libpersona: Couldn't open the File - /data/system/users/0.xml - Permission denied
10-12 16:14:09.449 18536 18536 W SELinux : SELinux selinux_android_compute_policy_index : Policy Index[2],  Con:u:r:webview_zygote:s0 RAM:SEPF_SM-J720F_8.0.0_0002, [-1 -1 -1 -1 0 1]
10-12 16:14:09.449  5332 13776 I ActivityManager: Start proc 18536:com.android.chrome:sandboxed_process0/u0i858 for webview_service com.android.chrome/org.chromium.content.app.SandboxedProcessService0
10-12 16:14:09.450 18500 18500 V Surface : sf_framedrop debug : 0x4f4c, game : false, logging : 0
10-12 16:14:09.450 18536 18536 I SELinux : SELinux: seapp_context_lookup: seinfo=chrome, level=s0:c512,c768, pkgname=com.android.chrome:sandboxed_process0 
10-12 16:14:09.450 18500 18500 D ViewRootImpl@5953633[Main]: Relayout returned: old=[0,0][0,0] new=[0,0][720,1280] result=0x7 surface={valid=true 3697354752} changed=true
10-12 16:14:09.453  5332  5422 I WindowManager: Destroying surface Surface(name=com.sec.android.app.launcher/com.sec.android.app.launcher.activities.LauncherActivity) called by com.android.server.wm.WindowStateAnimator.destroySurface:2501 com.android.server.wm.WindowStateAnimator.destroySurfaceLocked:985 com.android.server.wm.WindowState.destroyOrSaveSurfaceUnchecked:3670 com.android.server.wm.WindowState.destroySurface:3618 com.android.server.wm.AppWindowToken.destroySurfaces:722 com.android.server.wm.AppWindowToken.destroySurfaces:706 com.android.server.wm.WindowState.onExitAnimationDone:5316 com.android.server.wm.AppWindowAnimator.stepAnimationLocked:508 
10-12 16:14:09.453  3445  4701 I SurfaceFlinger: id=12170 Removed com.sec.android.app.launcher/com.sec.android.app.launcher.activities.LauncherActivity#0 (1/12)
10-12 16:14:09.455 18500 18534 I OpenGLRenderer: Initialized EGL, version 1.4
10-12 16:14:09.455 18500 18534 D OpenGLRenderer: Swap behavior 2
10-12 16:14:09.459  3445  4974 I SurfaceFlinger: id=12170 Removed com.sec.android.app.launcher/com.sec.android.app.launcher.activities.LauncherActivity#0 (-2/12)
10-12 16:14:09.460 18500 18534 D libGLESv1: STS_GLApi : DTS, ODTC are not allowed for Package : com.android.chrome
10-12 16:14:09.460  5666 15783 D WallpaperService: dispatchAppVisibility onVisibilityChanged(): false
10-12 16:14:09.461  5666  5666 D ImageWallpaper: onVisibilityChanged: mVisible, visible=true, false
10-12 16:14:09.461  5666  5666 D ImageWallpaper: Visibility changed to visible=false
10-12 16:14:09.461  5666  5666 D WallpaperService: reportVisibility onVisibilityChanged visible: false
10-12 16:14:09.462 18500 18534 D mali_winsys: EGLint new_window_surface(egl_winsys_display *, void *, EGLSurface, EGLConfig, egl_winsys_surface **, egl_color_buffer_format *, EGLBoolean) returns 0x3000,  [720x1280]-format:1
10-12 16:14:09.462 18500 18534 D OpenGLRenderer: eglCreateWindowSurface = 0xdc628b20
10-12 16:14:09.467  3445  3445 I Layer   : id=12170 onRemoved com.sec.android.app.launcher/com.sec.android.app.launcher.activities.LauncherActivity#0 
10-12 16:14:09.469 18536 18536 I SamplingProfilerIntegration: Profiling disabled.
10-12 16:14:09.472 18500 18500 D ViewRootImpl@5953633[Main]: MSG_RESIZED_REPORT: frame=Rect(0, 0 - 720, 1280) ci=Rect(0, 42 - 0, 0) vi=Rect(0, 42 - 0, 0) or=1
10-12 16:14:09.472 18500 18500 D ViewRootImpl@5953633[Main]: MSG_WINDOW_FOCUS_CHANGED 1
10-12 16:14:09.474 18536 18536 D TimaKeyStoreProvider: TimaKeyStore is not enabled: cannot add TimaSignature Service and generateKeyPair Service
10-12 16:14:09.474 18536 18536 D ActivityThread: Added TimaKeyStore provider
10-12 16:14:09.478  5332 13776 I ActivityManager: DSS on for com.android.chrome and scale is 1.0
10-12 16:14:09.480 18500 18500 V InputMethodManager: Starting input: tba=android.view.inputmethod.EditorInfo@9970d68 nm : com.android.chrome ic=null
10-12 16:14:09.481 18500 18500 I InputMethodManager: startInputInner - mService.startInputOrWindowGainedFocus
10-12 16:14:09.481  5332  5343 D InputMethodManagerService: startInputOrWindowGainedFocus : windowGainedFocus 
10-12 16:14:09.481  5332  5343 D InputMethodManagerService: windowGainedFocus: destinationUserId (getCallingUid) = 0
10-12 16:14:09.481  5332  5343 D InputMethodManagerService: windowGainedFocus: currentUserId=0
10-12 16:14:09.481  5332  5343 D InputMethodManagerService: windowGainedFocus: mCurrentFocusedUserId=0
10-12 16:14:09.481  5332  5343 D InputMethodManagerService: windowGainedFocus : lock - currentUserId = 0 destinationUserId = 0
10-12 16:14:09.481  5332  5343 D InputMethodManagerService: windowGainedFocus : mCurrentFocusedUserId - 0 and mSecureKeypadEnabled - false, userSwitched - false
10-12 16:14:09.481  5332  5343 V InputMethodManagerService: windowGainedFocus : reason=WINDOW_FOCUS_GAIN client=android.os.BinderProxy@c1f29db inputContext=null missingMethods= attribute=android.view.inputmethod.EditorInfo@541a290 nm = com.android.chrome controlFlags=#105 softInputMode=#113 windowFlags=#81810100
10-12 16:14:09.481  5332  5343 V InputMethodManagerService: Window asks to hide input
10-12 16:14:09.481  5332  5343 V InputMethodManagerService: hideCurrentInputLocked : shouldHideSoftInput is false
10-12 16:14:09.481  5332  5343 D InputMethodManagerService: isImeSwitcherDisabledPackage : false
10-12 16:14:09.482  5332  5343 V InputMethodManagerService: Creating new session for client ClientState{6b2638e uid 10095 pid 18500}
10-12 16:14:09.483  5332  5343 D InputMethodManagerService: setCurrentInputInfo - inputContext : null eidtorInfo : android.view.inputmethod.EditorInfo@541a290 missingMethods : 0
10-12 16:14:09.484 18500 18500 V InputMethodManager: Starting input: tba=android.view.inputmethod.EditorInfo@1d69581 nm : com.android.chrome ic=null
10-12 16:14:09.484 18500 18500 I cr_StartSurfaceConfig: Recorded Startup.Android.FirstDrawCompletedTime.NoInstant = 224 ms
10-12 16:14:09.485  5657  5657 I InputMethodWrapper:  call dispatchStartInputWithToken
10-12 16:14:09.485  5657  5657 I InputMethodService: dispatchStartInputWithToken
10-12 16:14:09.485  5657  5657 I SKBD    : SamsungKeypad [IMI] onStartInput - caller pid : 18500, caller uid : 10095
10-12 16:14:09.509  5332  5426 D SensorService: [SO] -0.225 0.283 9.917
10-12 16:14:09.513 18565 18565 E asset   : setgid: Operation not permitted
10-12 16:14:09.514  5332 13776 V WindowManager: finishDrawingLocked: mDrawState=COMMIT_DRAW_PENDING Window{e67ff51 u0 com.android.chrome/com.google.android.apps.chrome.Main} in Surface(name=com.android.chrome/com.google.android.apps.chrome.Main)
10-12 16:14:09.520  5332  5422 D ViewRootImpl@6fa2300[chrome]: dispatchDetachedFromWindow
10-12 16:14:09.520  5332  5422 D InputEventReceiver: channel '12b1739 Splash Screen com.android.chrome (client)' ~ Disposing input event receiver.
10-12 16:14:09.520  5332  5422 D InputEventReceiver: channel '12b1739 Splash Screen com.android.chrome (client)' ~NativeInputEventReceiver.
10-12 16:14:09.523  5332  5351 D WindowManager: set systemUiVisibility : systemUiFlags= 0x2608 fullscreenStackSysUiFlags= 0x0
10-12 16:14:09.525  5332  5359 I ActivityManager: Displayed com.android.chrome/com.google.android.apps.chrome.Main: +579ms
10-12 16:14:09.525  5332  5359 D CustomFrequencyManagerService: acquireDVFSLockLocked : type : DVFS_MIN_LIMIT  frequency : 1560000  uid : 1000  pid : 5332  pkgName : AMS_RESUME_TAIL@CPU_MIN@20
10-12 16:14:09.526  5332  5359 D ActivityManagerPerformance: AMP_acquire() TAIL
10-12 16:14:09.526  5332  5359 D CustomFrequencyManagerService: releaseDVFSLockLocked : Getting Lock type frm List : DVFS_MIN_LIMIT  frequency : 1560000  uid : 1000  pid : 5332  tag : AMS_APP_SWITCH@CPU_MIN@62
10-12 16:14:09.526  5332  5359 D ActivityManagerPerformance: AMP_release() APP_SWITCH
10-12 16:14:09.537  5332 13776 W StorageManager: getStorageLowBytes lowPercent : 5, lowBytes : 1260145254, maxLowBytes : 524288000
10-12 16:14:09.538  5332  5351 D WindowManager: set systemUiVisibility : systemUiFlags= 0x2608 fullscreenStackSysUiFlags= 0x2000
10-12 16:14:09.547 18536 18536 I cr_SplitCompatApp: Launched version=106.0.5249.79 minSdkVersion=24 isBundle=true processName=com.android.chrome:sandboxed_process0 isIsolated=true
10-12 16:14:09.559 18536 18536 W SystemServiceRegistry: No service published for: uimode
10-12 16:14:09.564 18536 18536 V Monotype: fonts.xml take from : /system/etc/
10-12 16:14:09.564  5332  5343 D ActivityManager: The following uid has registered to recieve broadcast for proxy related updates 10095
10-12 16:14:09.564  5332  5343 W ContextImpl: Calling a method in the system process without a qualified user: android.app.ContextImpl.sendBroadcast:971 com.android.server.am.ActivityManagerService.requestKnoxVpnToSendProxyBroadcast:29420 com.android.server.am.ActivityManagerService.registerReceiver:23161 android.app.IActivityManager$Stub.onTransact:176 com.android.server.am.ActivityManagerService.onTransact:3861 
10-12 16:14:09.566  5332  5332 D KnoxVpnEngineService: Vpn Receiver : com.samsung.android.knox.intent.action.VPN_PROXY_BROADCAST_INTERNAL
10-12 16:14:09.566  5332  5478 I KnoxVpnEngineService: vpn handle : Message received
10-12 16:14:09.571  3445  3445 I SurfaceFlinger: Display 0 HWC layers:
10-12 16:14:09.571  3445  3445 I SurfaceFlinger:     type    |    handle    | flag |  format   |   source crop (l,t,r,b)    |         frame       | name 
10-12 16:14:09.571  3445  3445 I SurfaceFlinger: ------------+--------------+------+-----------+----------------------------+---------------------+------
10-12 16:14:09.571  3445  3445 I SurfaceFlinger:      Device | 0x739fc252c0 | 0002 | RGBA_8888 |   0.0    0.0  720.0 1280.0 |    0    0  720 1280 | com.android.chrome/com.google.android.apps.chrome.Main#0
10-12 16:14:09.571  3445  3445 I SurfaceFlinger:      Device | 0x73999933c0 | 0002 | RGBA_8888 |   0.0    0.0  720.0 1280.0 |    0    0  720 1280 | Splash Screen com.android.chrome#0
10-12 16:14:09.571  3445  3445 I SurfaceFlinger:      Device | 0x7399968200 | 0000 | RGBA_8888 |   0.0    0.0  720.0   42.0 |    0    0  720   42 | StatusBar#0
10-12 16:14:09.571  3445  3445 I SurfaceFlinger:      Device | 0x739fc25f80 | 0000 | RGBA_8888 |   0.0    0.0  720.0 1280.0 |    0    0  720 1280 | PointerLocation#0
10-12 16:14:09.571  3445  3445 I SurfaceFlinger: 
10-12 16:14:09.619  5332 13776 D StorageManagerService: getExternalStorageMountMode : 3
10-12 16:14:09.619  5332 13776 D StorageManagerService: getExternalStorageMountMode : 3
10-12 16:14:09.620  5332 13776 D StorageManagerService: getExternalStorageMountMode : final mountMode=3, uid : 10095, packageName : com.android.chrome
10-12 16:14:09.620  5332 13776 I ApplicationPolicy: isApplicationExternalStorageWhitelisted:com.android.chrome user:0
10-12 16:14:09.621  5332 13776 D ApplicationPolicy: isApplicationExternalStorageWhitelisted: DO is not enabled on user 0. Allowed.
10-12 16:14:09.621  5332 13776 D ActivityManager: package  com.android.chrome, user - 0 is SDcard whitelisted
10-12 16:14:09.621  5332 13776 I ApplicationPolicy: isApplicationExternalStorageBlacklisted:com.android.chrome user:0
10-12 16:14:09.621  5332 13776 D ApplicationPolicy: isApplicationExternalStorageBlacklisted: DO is not enabled on user 0. Allowed.
10-12 16:14:09.635  5332 13776 I ActivityManager: Start proc 18581:com.android.chrome:privileged_process0/u0a95 for service com.android.chrome/org.chromium.content.app.PrivilegedProcessService0
10-12 16:14:09.637  5332  8745 D ActivityManager: The following uid has registered to recieve broadcast for proxy related updates 10095
10-12 16:14:09.638  5332  8745 W ContextImpl: Calling a method in the system process without a qualified user: android.app.ContextImpl.sendBroadcast:971 com.android.server.am.ActivityManagerService.requestKnoxVpnToSendProxyBroadcast:29420 com.android.server.am.ActivityManagerService.registerReceiver:23161 android.app.IActivityManager$Stub.onTransact:176 com.android.server.am.ActivityManagerService.onTransact:3861 
10-12 16:14:09.640  5332  5332 D KnoxVpnEngineService: Vpn Receiver : com.samsung.android.knox.intent.action.VPN_PROXY_BROADCAST_INTERNAL
10-12 16:14:09.640  5332  5478 I KnoxVpnEngineService: vpn handle : Message received
10-12 16:14:09.641 18581 18581 E Zygote  : isWhitelistProcess - Process is Whitelisted
10-12 16:14:09.641 18581 18581 E libpersona: scanKnoxPersonas
10-12 16:14:09.642 18581 18581 E libpersona: Couldn't open the File - /data/system/users/0/personalist.xml - No such file or directory
10-12 16:14:09.643 18581 18581 W SELinux : SELinux selinux_android_compute_policy_index : Policy Index[2],  Con:u:r:zygote:s0 RAM:SEPF_SM-J720F_8.0.0_0002, [-1 -1 -1 -1 0 1]
10-12 16:14:09.644 18581 18581 I SELinux : SELinux: seapp_context_lookup: seinfo=chrome, level=s0:c512,c768, pkgname=com.android.chrome:privileged_process0 
10-12 16:14:09.661  5332  8745 W StorageManager: getStorageLowBytes lowPercent : 5, lowBytes : 1260145254, maxLowBytes : 524288000
10-12 16:14:09.671 18581 18581 D TimaKeyStoreProvider: TimaKeyStore is not enabled: cannot add TimaSignature Service and generateKeyPair Service
10-12 16:14:09.672 18581 18581 D ActivityThread: Added TimaKeyStore provider
10-12 16:14:09.675 18536 18536 E Typeface: Error mapping font file /system/fonts/SamsungSans-Num3L.ttf
10-12 16:14:09.675 18536 18536 E Minikin : Could not get cmap table size!
10-12 16:14:09.675 18536 18536 E Typeface: Unable to load Family: samsung-sans-num3L:null
10-12 16:14:09.675 18536 18536 E Typeface: Error mapping font file /system/fonts/SamsungSans-Num3T.ttf
10-12 16:14:09.675 18536 18536 E Minikin : Could not get cmap table size!
10-12 16:14:09.675 18536 18536 E Typeface: Unable to load Family: samsung-sans-num3T:null
10-12 16:14:09.675 18536 18536 E Typeface: Error mapping font file /system/fonts/SamsungSans-Num4L.ttf
10-12 16:14:09.675 18536 18536 E Minikin : Could not get cmap table size!
10-12 16:14:09.675 18536 18536 E Typeface: Unable to load Family: samsung-sans-num4L:null
10-12 16:14:09.675 18536 18536 E Typeface: Error mapping font file /system/fonts/SamsungSans-Num4T.ttf
10-12 16:14:09.675 18536 18536 E Minikin : Could not get cmap table size!
10-12 16:14:09.675 18536 18536 E Typeface: Unable to load Family: samsung-sans-num4T:null
10-12 16:14:09.676  5332  5343 I ActivityManager: DSS on for com.android.chrome and scale is 1.0
10-12 16:14:09.676 18536 18536 E Typeface: Error mapping font file /system/fonts/SamsungSans-Num35.ttf
10-12 16:14:09.676 18536 18536 E Minikin : Could not get cmap table size!
10-12 16:14:09.676 18536 18536 E Typeface: Unable to load Family: samsung-sans-num35:null
10-12 16:14:09.676 18536 18536 E Typeface: Error mapping font file /system/fonts/SamsungSans-Num45.ttf
10-12 16:14:09.676 18536 18536 E Minikin : Could not get cmap table size!
10-12 16:14:09.676 18536 18536 E Typeface: Unable to load Family: samsung-sans-num45:null
10-12 16:14:09.676 18536 18536 E Typeface: Error mapping font file /system/fonts/SamsungSans-Num3Lv.ttf
10-12 16:14:09.676 18536 18536 E Minikin : Could not get cmap table size!
10-12 16:14:09.676 18536 18536 E Typeface: Unable to load Family: samsung-sans-num3LV:null
10-12 16:14:09.676 18536 18536 E Typeface: Error mapping font file /system/fonts/SamsungSans-Num3R.ttf
10-12 16:14:09.676 18536 18536 E Minikin : Could not get cmap table size!
10-12 16:14:09.676 18536 18536 E Typeface: Unable to load Family: samsung-sans-num3R:null
10-12 16:14:09.676 18536 18536 E Typeface: Error mapping font file /system/fonts/SamsungSans-Num4Tv.ttf
10-12 16:14:09.676 18536 18536 E Minikin : Could not get cmap table size!
10-12 16:14:09.676 18536 18536 E Typeface: Unable to load Family: samsung-sans-num4Tv:null
10-12 16:14:09.676 18536 18536 E Typeface: Error mapping font file /system/fonts/SamsungSans-Num4Lv.ttf
10-12 16:14:09.676 18536 18536 E Minikin : Could not get cmap table size!
10-12 16:14:09.676 18536 18536 E Typeface: Unable to load Family: samsung-sans-num4Lv:null
10-12 16:14:09.680 18500 18500 I cr_SmsProviderGms: construction successfull y93@405cdf3, v93@20438ae
10-12 16:14:09.682 18536 18536 I cr_ChildProcessService: Creating new ChildProcessService pid=18536
10-12 16:14:09.687 14976 14976 D BoundBrokerSvc: onBind: Intent { act=com.google.android.gms.auth.key.retrieval.service.START dat=chimera-action:com.google.android.gms.auth.key.retrieval.service.START cmp=com.google.android.gms/.chimera.GmsApiService }
10-12 16:14:09.688 14976 14976 D BoundBrokerSvc: Loading bound service for intent: Intent { act=com.google.android.gms.auth.key.retrieval.service.START dat=chimera-action:com.google.android.gms.auth.key.retrieval.service.START cmp=com.google.android.gms/.chimera.GmsApiService }
10-12 16:14:09.689  5332 13776 D ActivityManager: The following uid has registered to recieve broadcast for proxy related updates 10095
10-12 16:14:09.689  5332 13776 W ContextImpl: Calling a method in the system process without a qualified user: android.app.ContextImpl.sendBroadcast:971 com.android.server.am.ActivityManagerService.requestKnoxVpnToSendProxyBroadcast:29420 com.android.server.am.ActivityManagerService.registerReceiver:23161 android.app.IActivityManager$Stub.onTransact:176 com.android.server.am.ActivityManagerService.onTransact:3861 
10-12 16:14:09.690  5332  5332 D KnoxVpnEngineService: Vpn Receiver : com.samsung.android.knox.intent.action.VPN_PROXY_BROADCAST_INTERNAL
10-12 16:14:09.690  5332  5478 I KnoxVpnEngineService: vpn handle : Message received
10-12 16:14:09.693 18581 18581 I zygote  : no shared libraies, dex_files: 1
10-12 16:14:09.693  5332  8745 D ConnectivityService: filterNetworkStateForUid() uid: 10095 networkInfo: [type: WIFI[] - WIFI, state: CONNECTED/CONNECTED, reason: (unspecified), extra: "fiveguys", failover: false, available: true, roaming: false, metered: false]
10-12 16:14:09.698 18536 18536 E WebViewFactory: can't load with relro file; address space not reserved
10-12 16:14:09.702  5332  5422 I WindowManager: Destroying surface Surface(name=Splash Screen com.android.chrome) called by com.android.server.wm.WindowStateAnimator.destroySurface:2501 com.android.server.wm.WindowStateAnimator.destroySurfaceLocked:985 com.android.server.wm.WindowState.destroyOrSaveSurfaceUnchecked:3670 com.android.server.wm.WindowState.destroySurface:3618 com.android.server.wm.AppWindowToken.destroySurfaces:722 com.android.server.wm.AppWindowToken.destroySurfaces:706 com.android.server.wm.WindowState.onExitAnimationDone:5316 com.android.server.wm.WindowStateAnimator.stepAnimationLocked:550 
10-12 16:14:09.702  3445  3895 I SurfaceFlinger: id=12171 Removed Splash Screen com.android.chrome#0 (3/11)
10-12 16:14:09.704  3445  3445 I SurfaceFlinger: Display 0 HWC layers:
10-12 16:14:09.704  3445  3445 I SurfaceFlinger:     type    |    handle    | flag |  format   |   source crop (l,t,r,b)    |         frame       | name 
10-12 16:14:09.704  3445  3445 I SurfaceFlinger: ------------+--------------+------+-----------+----------------------------+---------------------+------
10-12 16:14:09.704  3445  3445 I SurfaceFlinger:      Device | 0x739fc252c0 | 0002 | RGBA_8888 |   0.0    0.0  720.0 1280.0 |    0    0  720 1280 | com.android.chrome/com.google.android.apps.chrome.Main#0
10-12 16:14:09.704  3445  3445 I SurfaceFlinger:      Device | 0x7399968200 | 0000 | RGBA_8888 |   0.0    0.0  720.0   42.0 |    0    0  720   42 | StatusBar#0
10-12 16:14:09.704  3445  3445 I SurfaceFlinger:      Device | 0x739fc25f80 | 0000 | RGBA_8888 |   0.0    0.0  720.0 1280.0 |    0    0  720 1280 | PointerLocation#0
10-12 16:14:09.704  3445  3445 I SurfaceFlinger: 
10-12 16:14:09.706  5332  5343 D ConnectivityService: filterNetworkStateForUid() uid: 10095 networkInfo: [type: WIFI[] - WIFI, state: CONNECTED/CONNECTED, reason: (unspecified), extra: "fiveguys", failover: false, available: true, roaming: false, metered: false]
10-12 16:14:09.708 18581 18581 I cr_SplitCompatApp: Launched version=106.0.5249.79 minSdkVersion=24 isBundle=true processName=com.android.chrome:privileged_process0 isIsolated=false
10-12 16:14:09.710  3445  4974 I SurfaceFlinger: id=12171 Removed Splash Screen com.android.chrome#0 (-2/11)
10-12 16:14:09.711 18500 18500 D ConnectivityManager: requestNetwork; CallingUid : 10095, CallingPid : 18500
10-12 16:14:09.714  5332  8745 D ConnectivityService: listenForNetwork for uid/pid:10095/18500 NetworkRequest [ LISTEN id=7432, [ Capabilities: INTERNET&NOT_RESTRICTED&TRUSTED&FOREGROUND] ]
10-12 16:14:09.714  5332  5500 D ConnectivityService: rematching NetworkAgentInfo [WIFI () - 527]
10-12 16:14:09.714  5332  5500 D ConnectivityService:  network has: [ Transports: WIFI Capabilities: NOT_METERED&INTERNET&NOT_RESTRICTED&TRUSTED&NOT_VPN&VALIDATED&FOREGROUND LinkUpBandwidth>=1048576Kbps LinkDnBandwidth>=1048576Kbps SignalStrength: -24]
10-12 16:14:09.714  5332  5500 D ConnectivityService: Network NetworkAgentInfo [WIFI () - 527] was already satisfying request 1. No change.
10-12 16:14:09.715  5332  5500 D ConnectivityService: Network NetworkAgentInfo [WIFI () - 527] was already satisfying request 7431. No change.
10-12 16:14:09.715  5332  5500 D ConnectivityService: Network NetworkAgentInfo [WIFI () - 527] was already satisfying request 7370. No change.
10-12 16:14:09.715  5332  5500 D ConnectivityService: Network NetworkAgentInfo [WIFI () - 527] was already satisfying request 7392. No change.
10-12 16:14:09.715  5332  5500 D ConnectivityService: Network NetworkAgentInfo [WIFI () - 527] was already satisfying request 7407. No change.
10-12 16:14:09.715  5332  5500 D ConnectivityService: Network NetworkAgentInfo [WIFI () - 527] was already satisfying request 7413. No change.
10-12 16:14:09.715  5332  5500 D ConnectivityService: Network NetworkAgentInfo [WIFI () - 527] was already satisfying request 7393. No change.
10-12 16:14:09.715  5332  5500 D ConnectivityService: Network NetworkAgentInfo [WIFI () - 527] was already satisfying request 7415. No change.
10-12 16:14:09.715  5332  5500 D ConnectivityService: Network NetworkAgentInfo [WIFI () - 527] was already satisfying request 7395. No change.
10-12 16:14:09.715  5332  5500 D ConnectivityService: Network NetworkAgentInfo [WIFI () - 527] was already satisfying request 3. No change.
10-12 16:14:09.715  5332 13776 D ConnectivityService: filterNetworkStateForUid() uid: 10095 networkInfo: [type: WIFI[] - WIFI, state: CONNECTED/CONNECTED, reason: (unspecified), extra: "fiveguys", failover: false, available: true, roaming: false, metered: false]
10-12 16:14:09.715  5332  5500 D ConnectivityService: sending notification AVAILABLE for NetworkRequest [ LISTEN id=7432, [ Capabilities: INTERNET&NOT_RESTRICTED&TRUSTED&FOREGROUND] ]
10-12 16:14:09.715  5332  5500 D ConnectivityService: sending notification CAP_CHANGED for NetworkRequest [ LISTEN id=7432, [ Capabilities: INTERNET&NOT_RESTRICTED&TRUSTED&FOREGROUND] ]
10-12 16:14:09.716  5332  5500 D ConnectivityService: sending notification IP_CHANGED for NetworkRequest [ LISTEN id=7432, [ Capabilities: INTERNET&NOT_RESTRICTED&TRUSTED&FOREGROUND] ]
10-12 16:14:09.718  3445  3445 I Layer   : id=12171 onRemoved Splash Screen com.android.chrome#0 
10-12 16:14:09.729 18581 18581 I cr_ChildProcessService: Creating new ChildProcessService pid=18581
10-12 16:14:09.733  5332  5713 D PackageManager: setEnabledSetting : userId = 0 packageName = com.android.chrome cmp = org.chromium.chrome.browser.quickactionsearchwidget.QuickActionSearchWidgetProvider$QuickActionSearchWidgetProviderSearch newState = 1 callingPackage = 10095/com.android.chrome
10-12 16:14:09.736  5332  5713 D PackageManager: setEnabledSetting : userId = 0 packageName = com.android.chrome cmp = org.chromium.chrome.browser.quickactionsearchwidget.QuickActionSearchWidgetProvider$QuickActionSearchWidgetProviderDino newState = 1 callingPackage = 10095/com.android.chrome
